
Optional file libmchp_peripheral.a not found

Optional file libmchp_peripheral_32MX460F512L.a not found
Archive member included because of file (symbol)

c:/program files/microchip/xc32/v2.50/bin/bin/../../lib/gcc/pic32mx/4.8.3/../../../../pic32mx/lib\libpic32.a(memcpy.o)
                              build/pic32mx460_pim_e16_int_dyn/debug/_ext/692885480/usb_device.o (memcpy)
c:/program files/microchip/xc32/v2.50/bin/bin/../../lib/gcc/pic32mx/4.8.3/../../../../pic32mx/lib\libpic32.a(default-bootstrap-exception-handler.o)
                              C:\Users\DIESAV~1\AppData\Local\Temp\ccwmYEYm.o (_bootstrap_exception_handler)
c:/program files/microchip/xc32/v2.50/bin/bin/../../lib/gcc/pic32mx/4.8.3/../../../../pic32mx/lib\libpic32.a(default-on-reset.o)
                              C:\Users\DIESAV~1\AppData\Local\Temp\ccwmYEYm.o (_on_reset)
c:/program files/microchip/xc32/v2.50/bin/bin/../../lib/gcc/pic32mx/4.8.3/../../../../pic32mx/lib\libpic32.a(default-on-bootstrap.o)
                              C:\Users\DIESAV~1\AppData\Local\Temp\ccwmYEYm.o (_on_bootstrap)
c:/program files/microchip/xc32/v2.50/bin/bin/../../lib/gcc/pic32mx/4.8.3/../../../../pic32mx/lib\libpic32.a(default-nmi-handler.o)
                              C:\Users\DIESAV~1\AppData\Local\Temp\ccwmYEYm.o (_nmi_handler)
c:/program files/microchip/xc32/v2.50/bin/bin/../../lib/gcc/pic32mx/4.8.3/../../../../pic32mx/lib\libpic32.a(pic32_data_init.o)
                              C:\Users\DIESAV~1\AppData\Local\Temp\ccwmYEYm.o (__pic32_data_init)
c:/program files/microchip/xc32/v2.50/bin/bin/../../lib/gcc/pic32mx/4.8.3/../../../../pic32mx/lib\libpic32.a(general-exception.o)
                              C:\Users\DIESAV~1\AppData\Local\Temp\ccwmYEYm.o (_general_exception_context)
c:/program files/microchip/xc32/v2.50/bin/bin/../../lib/gcc/pic32mx/4.8.3/../../../../pic32mx/lib\libpic32.a(vector0.o)
                              C:\Users\DIESAV~1\AppData\Local\Temp\ccfWoe3I.o (__vector_dispatch_0)
c:/program files/microchip/xc32/v2.50/bin/bin/../../lib/gcc/pic32mx/4.8.3/../../../../pic32mx/lib\libpic32.a(vector1.o)
                              C:\Users\DIESAV~1\AppData\Local\Temp\ccfWoe3I.o (__vector_dispatch_1)
c:/program files/microchip/xc32/v2.50/bin/bin/../../lib/gcc/pic32mx/4.8.3/../../../../pic32mx/lib\libpic32.a(vector2.o)
                              C:\Users\DIESAV~1\AppData\Local\Temp\ccfWoe3I.o (__vector_dispatch_2)
c:/program files/microchip/xc32/v2.50/bin/bin/../../lib/gcc/pic32mx/4.8.3/../../../../pic32mx/lib\libpic32.a(vector3.o)
                              C:\Users\DIESAV~1\AppData\Local\Temp\ccfWoe3I.o (__vector_dispatch_3)
c:/program files/microchip/xc32/v2.50/bin/bin/../../lib/gcc/pic32mx/4.8.3/../../../../pic32mx/lib\libpic32.a(vector4.o)
                              C:\Users\DIESAV~1\AppData\Local\Temp\ccfWoe3I.o (__vector_dispatch_4)
c:/program files/microchip/xc32/v2.50/bin/bin/../../lib/gcc/pic32mx/4.8.3/../../../../pic32mx/lib\libpic32.a(vector5.o)
                              C:\Users\DIESAV~1\AppData\Local\Temp\ccfWoe3I.o (__vector_dispatch_5)
c:/program files/microchip/xc32/v2.50/bin/bin/../../lib/gcc/pic32mx/4.8.3/../../../../pic32mx/lib\libpic32.a(vector6.o)
                              C:\Users\DIESAV~1\AppData\Local\Temp\ccfWoe3I.o (__vector_dispatch_6)
c:/program files/microchip/xc32/v2.50/bin/bin/../../lib/gcc/pic32mx/4.8.3/../../../../pic32mx/lib\libpic32.a(vector7.o)
                              C:\Users\DIESAV~1\AppData\Local\Temp\ccfWoe3I.o (__vector_dispatch_7)
c:/program files/microchip/xc32/v2.50/bin/bin/../../lib/gcc/pic32mx/4.8.3/../../../../pic32mx/lib\libpic32.a(vector8.o)
                              C:\Users\DIESAV~1\AppData\Local\Temp\ccfWoe3I.o (__vector_dispatch_8)
c:/program files/microchip/xc32/v2.50/bin/bin/../../lib/gcc/pic32mx/4.8.3/../../../../pic32mx/lib\libpic32.a(vector9.o)
                              C:\Users\DIESAV~1\AppData\Local\Temp\ccfWoe3I.o (__vector_dispatch_9)
c:/program files/microchip/xc32/v2.50/bin/bin/../../lib/gcc/pic32mx/4.8.3/../../../../pic32mx/lib\libpic32.a(vector10.o)
                              C:\Users\DIESAV~1\AppData\Local\Temp\ccfWoe3I.o (__vector_dispatch_10)
c:/program files/microchip/xc32/v2.50/bin/bin/../../lib/gcc/pic32mx/4.8.3/../../../../pic32mx/lib\libpic32.a(vector11.o)
                              C:\Users\DIESAV~1\AppData\Local\Temp\ccfWoe3I.o (__vector_dispatch_11)
c:/program files/microchip/xc32/v2.50/bin/bin/../../lib/gcc/pic32mx/4.8.3/../../../../pic32mx/lib\libpic32.a(vector12.o)
                              C:\Users\DIESAV~1\AppData\Local\Temp\ccfWoe3I.o (__vector_dispatch_12)
c:/program files/microchip/xc32/v2.50/bin/bin/../../lib/gcc/pic32mx/4.8.3/../../../../pic32mx/lib\libpic32.a(vector13.o)
                              C:\Users\DIESAV~1\AppData\Local\Temp\ccfWoe3I.o (__vector_dispatch_13)
c:/program files/microchip/xc32/v2.50/bin/bin/../../lib/gcc/pic32mx/4.8.3/../../../../pic32mx/lib\libpic32.a(vector14.o)
[...]
Memory Configuration

Name             Origin             Length             Attributes
kseg0_data_mem   0x80000000         0x00000200
kseg1_data_mem   0xa0000000         0x00008000         w !x
kseg0_boot_mem   0x9fc00490         0x00000970
kseg1_boot_mem   0xbfc00000         0x00000490
kseg0_program_mem 0x9d000000         0x00080000         xr
exception_mem    0x9fc01000         0x00001000
debug_exec_mem   0xbfc02000         0x00000ff0
config3          0xbfc02ff0         0x00000004
config2          0xbfc02ff4         0x00000004
config1          0xbfc02ff8         0x00000004
config0          0xbfc02ffc         0x00000004
sfrs             0xbf800000         0x00100000
configsfrs       0xbfc02ff0         0x00000010
*default*        0x00000000         0xffffffff

Linker script and memory map


reserve_data_0_kseg0
                0x80000000      0x200
                0x80000000        0x2 SHORT 0x0
                0x000001fd                . = 0x1fd
 *fill*         0x80000002      0x1fb 
                0x80000200                . = ALIGN (0x4)
 *fill*         0x800001fd        0x3 

reserve_data_0_kseg1
                0xa0000000      0x200
                0xa0000000        0x2 SHORT 0x0
                0x000001fd                . = 0x1fd
 *fill*         0xa0000002      0x1fb 
                0xa0000200                . = ALIGN (0x4)
 *fill*         0xa00001fd        0x3 

reserve_boot_0x1fc02000_kseg0
                0x9fc02000      0xff0
                0x9fc02000        0x2 SHORT 0x0
                0x00000500                . = 0x500
 *fill*         0x9fc02002      0x4fe 
                0x9fc02500                . = ALIGN (0x4)
                0x9fc02500        0x2 SHORT 0x0
                0x00000ff0                . = 0xff0
 *fill*         0x9fc02502      0xaee 
                0x9fc02ff0                . = ALIGN (0x4)

reserve_boot_0x1fc02000_kseg1
                0xbfc02000      0xff0
                0xbfc02000        0x2 SHORT 0x0
                0x00000500                . = 0x500
 *fill*         0xbfc02002      0x4fe 
                0xbfc02500                . = ALIGN (0x4)
                0xbfc02500        0x2 SHORT 0x0
                0x00000ff0                . = 0xff0
 *fill*         0xbfc02502      0xaee 
                0xbfc02ff0                . = ALIGN (0x4)
LOAD c:/program files/microchip/xc32/v2.50/bin/bin/../../lib/gcc/pic32mx/4.8.3/../../../../pic32mx/lib\software-debug-break.o
LOAD build/pic32mx460_pim_e16_int_dyn/debug/_ext/894922965/bsp.o
LOAD build/pic32mx460_pim_e16_int_dyn/debug/_ext/757127772/sys_clk_pic32mx.o
LOAD build/pic32mx460_pim_e16_int_dyn/debug/_ext/1227067107/sys_devcon.o
LOAD build/pic32mx460_pim_e16_int_dyn/debug/_ext/1227067107/sys_devcon_pic32mx.o
LOAD build/pic32mx460_pim_e16_int_dyn/debug/_ext/257733644/sys_ports_static.o
LOAD build/pic32mx460_pim_e16_int_dyn/debug/_ext/1196730619/system_init.o
LOAD build/pic32mx460_pim_e16_int_dyn/debug/_ext/1196730619/system_interrupt.o
LOAD build/pic32mx460_pim_e16_int_dyn/debug/_ext/1196730619/system_exceptions.o
LOAD build/pic32mx460_pim_e16_int_dyn/debug/_ext/1196730619/system_tasks.o
LOAD build/pic32mx460_pim_e16_int_dyn/debug/_ext/1360937237/app.o
LOAD build/pic32mx460_pim_e16_int_dyn/debug/_ext/1360937237/main.o
LOAD build/pic32mx460_pim_e16_int_dyn/debug/_ext/1585079243/drv_usbfs.o
LOAD build/pic32mx460_pim_e16_int_dyn/debug/_ext/1585079243/drv_usbfs_device.o
LOAD build/pic32mx460_pim_e16_int_dyn/debug/_ext/711155467/sys_int_pic32.o
LOAD build/pic32mx460_pim_e16_int_dyn/debug/_ext/692885480/usb_device.o
LOAD build/pic32mx460_pim_e16_int_dyn/debug/_ext/692885480/usb_device_cdc.o
LOAD build/pic32mx460_pim_e16_int_dyn/debug/_ext/692885480/usb_device_cdc_acm.o
LOAD ..\..\..\..\..\..\bin\framework\peripheral\PIC32MX460F512L_peripherals.a
                0x00000001                __MPLAB_BUILD = 0x1
                0x00000001                __MPLAB_DEBUG = 0x1
                0x00000001                __DEBUG = 0x1
                0x00000001                __MPLAB_DEBUGGER_PK3 = 0x1
                0x00000000                _min_heap_size = 0x0
LOAD C:\Users\DIESAV~1\AppData\Local\Temp\ccwmYEYm.o
LOAD C:\Users\DIESAV~1\AppData\Local\Temp\ccdVBoNs.o
LOAD C:\Users\DIESAV~1\AppData\Local\Temp\ccfWoe3I.o
LOAD c:/program files/microchip/xc32/v2.50/bin/bin/../../lib/gcc/pic32mx/4.8.3/../../../../pic32mx/lib\pic32_software_reset.o
                0x00000400                PROVIDE (_min_stack_size, 0x400)
START GROUP
LOAD c:/program files/microchip/xc32/v2.50/bin/bin/../../lib/gcc/pic32mx/4.8.3/../../../../pic32mx/lib/./proc/32MX460F512L\processor.o
END GROUP
START GROUP
LOAD libmchp_peripheral.a
END GROUP
START GROUP
LOAD libmchp_peripheral_32MX460F512L.a
END GROUP
                0x00000001                PROVIDE (_vector_spacing, 0x1)
                0x9fc01000                PROVIDE (_ebase_address, 0x9fc01000)
                0xbfc00000                _RESET_ADDR = 0xbfc00000
                0xbfc00380                _BEV_EXCPT_ADDR = 0xbfc00380
                0xbfc00480                _DBG_EXCPT_ADDR = 0xbfc00480
                0xbfc02000                _DBG_CODE_ADDR = 0xbfc02000
                0x00000ff0                _DBG_CODE_SIZE = 0xff0
                0x9fc01180                _GEN_EXCPT_ADDR = (_ebase_address + 0x180)

.config_BFC02FF0
                0xbfc02ff0        0x4
 *(.config_BFC02FF0)
 .config_BFC02FF0
                0xbfc02ff0        0x4 build/pic32mx460_pim_e16_int_dyn/debug/_ext/1196730619/system_init.o

.config_BFC02FF4
                0xbfc02ff4        0x4
 *(.config_BFC02FF4)
 .config_BFC02FF4
                0xbfc02ff4        0x4 build/pic32mx460_pim_e16_int_dyn/debug/_ext/1196730619/system_init.o

.config_BFC02FF8
                0xbfc02ff8        0x4
 *(.config_BFC02FF8)
 .config_BFC02FF8
                0xbfc02ff8        0x4 build/pic32mx460_pim_e16_int_dyn/debug/_ext/1196730619/system_init.o

.config_BFC02FFC
                0xbfc02ffc        0x4
 *(.config_BFC02FFC)
 .config_BFC02FFC
                0xbfc02ffc        0x4 build/pic32mx460_pim_e16_int_dyn/debug/_ext/1196730619/system_init.o
                0xbfc02000                PROVIDE (_DBG_CODE_ADDR, 0xbfc02000)
                0x00000ff0                PROVIDE (_DBG_CODE_SIZE, 0xff0)

.reset          0xbfc00000      0x19c
 *(.reset)
 .reset         0xbfc00000        0x8 C:\Users\DIESAV~1\AppData\Local\Temp\ccwmYEYm.o
                0xbfc00000                _reset
 *(.reset.startup)
 .reset.startup
                0xbfc00008      0x194 C:\Users\DIESAV~1\AppData\Local\Temp\ccwmYEYm.o
                0xbfc00008                _startup

.bev_excpt      0xbfc00380       0x10
 *(.bev_handler)
 .bev_handler   0xbfc00380       0x10 C:\Users\DIESAV~1\AppData\Local\Temp\ccwmYEYm.o

.dbg_excpt      0xbfc00480        0x0
                0xbfc00480                . = (. + DEFINED (_DEBUGGER)?0x8:0x0)

.dbg_code       0xbfc02000        0x0
                0xbfc02000                . = (. + DEFINED (_DEBUGGER)?_DBG_CODE_SIZE:0x0)

.app_excpt      0x9fc01180       0x10
 *(.gen_handler)
 .gen_handler   0x9fc01180       0x10 C:\Users\DIESAV~1\AppData\Local\Temp\ccwmYEYm.o

.vector_0       0x9fc01200        0x8
 *(.vector_0)
 .vector_0      0x9fc01200        0x8 c:/program files/microchip/xc32/v2.50/bin/bin/../../lib/gcc/pic32mx/4.8.3/../../../../pic32mx/lib\libpic32.a(vector0.o)
                0x9fc01200                __vector_dispatch_0
                0x00000001                ASSERT (((_vector_spacing == 0x0) || (SIZEOF (.vector_0) <= (_vector_spacing << 0x5))), function at exception vector 0 too large)

.vector_1       0x9fc01220        0x8
 *(.vector_1)
 .vector_1      0x9fc01220        0x8 c:/program files/microchip/xc32/v2.50/bin/bin/../../lib/gcc/pic32mx/4.8.3/../../../../pic32mx/lib\libpic32.a(vector1.o)
                0x9fc01220                __vector_dispatch_1
                0x00000001                ASSERT (((_vector_spacing == 0x0) || (SIZEOF (.vector_1) <= (_vector_spacing << 0x5))), function at exception vector 1 too large)

.vector_2       0x9fc01240        0x8
 *(.vector_2)
 .vector_2      0x9fc01240        0x8 c:/program files/microchip/xc32/v2.50/bin/bin/../../lib/gcc/pic32mx/4.8.3/../../../../pic32mx/lib\libpic32.a(vector2.o)
                0x9fc01240                __vector_dispatch_2
                0x00000001                ASSERT (((_vector_spacing == 0x0) || (SIZEOF (.vector_2) <= (_vector_spacing << 0x5))), function at exception vector 2 too large)

.vector_3       0x9fc01260        0x8
 *(.vector_3)
 .vector_3      0x9fc01260        0x8 c:/program files/microchip/xc32/v2.50/bin/bin/../../lib/gcc/pic32mx/4.8.3/../../../../pic32mx/lib\libpic32.a(vector3.o)
                0x9fc01260                __vector_dispatch_3
                0x00000001                ASSERT (((_vector_spacing == 0x0) || (SIZEOF (.vector_3) <= (_vector_spacing << 0x5))), function at exception vector 3 too large)

.vector_4       0x9fc01280        0x8
 *(.vector_4)
 .vector_4      0x9fc01280        0x8 c:/program files/microchip/xc32/v2.50/bin/bin/../../lib/gcc/pic32mx/4.8.3/../../../../pic32mx/lib\libpic32.a(vector4.o)
                0x9fc01280                __vector_dispatch_4
                0x00000001                ASSERT (((_vector_spacing == 0x0) || (SIZEOF (.vector_4) <= (_vector_spacing << 0x5))), function at exception vector 4 too large)

.vector_5       0x9fc012a0        0x8
 *(.vector_5)
 .vector_5      0x9fc012a0        0x8 c:/program files/microchip/xc32/v2.50/bin/bin/../../lib/gcc/pic32mx/4.8.3/../../../../pic32mx/lib\libpic32.a(vector5.o)
                0x9fc012a0                __vector_dispatch_5
                0x00000001                ASSERT (((_vector_spacing == 0x0) || (SIZEOF (.vector_5) <= (_vector_spacing << 0x5))), function at exception vector 5 too large)

.vector_6       0x9fc012c0        0x8
 *(.vector_6)
 .vector_6      0x9fc012c0        0x8 c:/program files/microchip/xc32/v2.50/bin/bin/../../lib/gcc/pic32mx/4.8.3/../../../../pic32mx/lib\libpic32.a(vector6.o)
                0x9fc012c0                __vector_dispatch_6
                0x00000001                ASSERT (((_vector_spacing == 0x0) || (SIZEOF (.vector_6) <= (_vector_spacing << 0x5))), function at exception vector 6 too large)

.vector_7       0x9fc012e0        0x8
 *(.vector_7)
 .vector_7      0x9fc012e0        0x8 c:/program files/microchip/xc32/v2.50/bin/bin/../../lib/gcc/pic32mx/4.8.3/../../../../pic32mx/lib\libpic32.a(vector7.o)
                0x9fc012e0                __vector_dispatch_7
                0x00000001                ASSERT (((_vector_spacing == 0x0) || (SIZEOF (.vector_7) <= (_vector_spacing << 0x5))), function at exception vector 7 too large)

.vector_8       0x9fc01300        0x8
 *(.vector_8)
 .vector_8      0x9fc01300        0x8 c:/program files/microchip/xc32/v2.50/bin/bin/../../lib/gcc/pic32mx/4.8.3/../../../../pic32mx/lib\libpic32.a(vector8.o)
                0x9fc01300                __vector_dispatch_8
                0x00000001                ASSERT (((_vector_spacing == 0x0) || (SIZEOF (.vector_8) <= (_vector_spacing << 0x5))), function at exception vector 8 too large)

.vector_9       0x9fc01320        0x8
 *(.vector_9)
 .vector_9      0x9fc01320        0x8 c:/program files/microchip/xc32/v2.50/bin/bin/../../lib/gcc/pic32mx/4.8.3/../../../../pic32mx/lib\libpic32.a(vector9.o)
                0x9fc01320                __vector_dispatch_9
                0x00000001                ASSERT (((_vector_spacing == 0x0) || (SIZEOF (.vector_9) <= (_vector_spacing << 0x5))), function at exception vector 9 too large)

.vector_10      0x9fc01340        0x8
 *(.vector_10)
 .vector_10     0x9fc01340        0x8 c:/program files/microchip/xc32/v2.50/bin/bin/../../lib/gcc/pic32mx/4.8.3/../../../../pic32mx/lib\libpic32.a(vector10.o)
                0x9fc01340                __vector_dispatch_10
                0x00000001                ASSERT (((_vector_spacing == 0x0) || (SIZEOF (.vector_10) <= (_vector_spacing << 0x5))), function at exception vector 10 too large)

.vector_11      0x9fc01360        0x8
 *(.vector_11)
 .vector_11     0x9fc01360        0x8 c:/program files/microchip/xc32/v2.50/bin/bin/../../lib/gcc/pic32mx/4.8.3/../../../../pic32mx/lib\libpic32.a(vector11.o)
                0x9fc01360                __vector_dispatch_11
                0x00000001                ASSERT (((_vector_spacing == 0x0) || (SIZEOF (.vector_11) <= (_vector_spacing << 0x5))), function at exception vector 11 too large)

.vector_12      0x9fc01380        0x8
 *(.vector_12)
 .vector_12     0x9fc01380        0x8 c:/program files/microchip/xc32/v2.50/bin/bin/../../lib/gcc/pic32mx/4.8.3/../../../../pic32mx/lib\libpic32.a(vector12.o)
                0x9fc01380                __vector_dispatch_12
                0x00000001                ASSERT (((_vector_spacing == 0x0) || (SIZEOF (.vector_12) <= (_vector_spacing << 0x5))), function at exception vector 12 too large)

.vector_13      0x9fc013a0        0x8
 *(.vector_13)
 .vector_13     0x9fc013a0        0x8 c:/program files/microchip/xc32/v2.50/bin/bin/../../lib/gcc/pic32mx/4.8.3/../../../../pic32mx/lib\libpic32.a(vector13.o)
                0x9fc013a0                __vector_dispatch_13
                0x00000001                ASSERT (((_vector_spacing == 0x0) || (SIZEOF (.vector_13) <= (_vector_spacing << 0x5))), function at exception vector 13 too large)

.vector_14      0x9fc013c0        0x8
 *(.vector_14)
 .vector_14     0x9fc013c0        0x8 c:/program files/microchip/xc32/v2.50/bin/bin/../../lib/gcc/pic32mx/4.8.3/../../../../pic32mx/lib\libpic32.a(vector14.o)
                0x9fc013c0                __vector_dispatch_14
                0x00000001                ASSERT (((_vector_spacing == 0x0) || (SIZEOF (.vector_14) <= (_vector_spacing << 0x5))), function at exception vector 14 too large)

.vector_15      0x9fc013e0        0x8
 *(.vector_15)
 .vector_15     0x9fc013e0        0x8 c:/program files/microchip/xc32/v2.50/bin/bin/../../lib/gcc/pic32mx/4.8.3/../../../../pic32mx/lib\libpic32.a(vector15.o)
                0x9fc013e0                __vector_dispatch_15
                0x00000001                ASSERT (((_vector_spacing == 0x0) || (SIZEOF (.vector_15) <= (_vector_spacing << 0x5))), function at exception vector 15 too large)

.vector_16      0x9fc01400        0x8
 *(.vector_16)
 .vector_16     0x9fc01400        0x8 c:/program files/microchip/xc32/v2.50/bin/bin/../../lib/gcc/pic32mx/4.8.3/../../../../pic32mx/lib\libpic32.a(vector16.o)
                0x9fc01400                __vector_dispatch_16
                0x00000001                ASSERT (((_vector_spacing == 0x0) || (SIZEOF (.vector_16) <= (_vector_spacing << 0x5))), function at exception vector 16 too large)

.vector_17      0x9fc01420        0x8
 *(.vector_17)
 .vector_17     0x9fc01420        0x8 c:/program files/microchip/xc32/v2.50/bin/bin/../../lib/gcc/pic32mx/4.8.3/../../../../pic32mx/lib\libpic32.a(vector17.o)
                0x9fc01420                __vector_dispatch_17
                0x00000001                ASSERT (((_vector_spacing == 0x0) || (SIZEOF (.vector_17) <= (_vector_spacing << 0x5))), function at exception vector 17 too large)

.vector_18      0x9fc01440        0x8
 *(.vector_18)
 .vector_18     0x9fc01440        0x8 c:/program files/microchip/xc32/v2.50/bin/bin/../../lib/gcc/pic32mx/4.8.3/../../../../pic32mx/lib\libpic32.a(vector18.o)
                0x9fc01440                __vector_dispatch_18
                0x00000001                ASSERT (((_vector_spacing == 0x0) || (SIZEOF (.vector_18) <= (_vector_spacing << 0x5))), function at exception vector 18 too large)

.vector_19      0x9fc01460        0x8
 *(.vector_19)
 .vector_19     0x9fc01460        0x8 c:/program files/microchip/xc32/v2.50/bin/bin/../../lib/gcc/pic32mx/4.8.3/../../../../pic32mx/lib\libpic32.a(vector19.o)
                0x9fc01460                __vector_dispatch_19
                0x00000001                ASSERT (((_vector_spacing == 0x0) || (SIZEOF (.vector_19) <= (_vector_spacing << 0x5))), function at exception vector 19 too large)

.vector_20      0x9fc01480        0x8
 *(.vector_20)
 .vector_20     0x9fc01480        0x8 c:/program files/microchip/xc32/v2.50/bin/bin/../../lib/gcc/pic32mx/4.8.3/../../../../pic32mx/lib\libpic32.a(vector20.o)
                0x9fc01480                __vector_dispatch_20
                0x00000001                ASSERT (((_vector_spacing == 0x0) || (SIZEOF (.vector_20) <= (_vector_spacing << 0x5))), function at exception vector 20 too large)

.vector_21      0x9fc014a0        0x8
 *(.vector_21)
 .vector_21     0x9fc014a0        0x8 c:/program files/microchip/xc32/v2.50/bin/bin/../../lib/gcc/pic32mx/4.8.3/../../../../pic32mx/lib\libpic32.a(vector21.o)
                0x9fc014a0                __vector_dispatch_21
                0x00000001                ASSERT (((_vector_spacing == 0x0) || (SIZEOF (.vector_21) <= (_vector_spacing << 0x5))), function at exception vector 21 too large)

.vector_22      0x9fc014c0        0x8
 *(.vector_22)
 .vector_22     0x9fc014c0        0x8 c:/program files/microchip/xc32/v2.50/bin/bin/../../lib/gcc/pic32mx/4.8.3/../../../../pic32mx/lib\libpic32.a(vector22.o)
                0x9fc014c0                __vector_dispatch_22
                0x00000001                ASSERT (((_vector_spacing == 0x0) || (SIZEOF (.vector_22) <= (_vector_spacing << 0x5))), function at exception vector 22 too large)

.vector_23      0x9fc014e0        0x8
 *(.vector_23)
 .vector_23     0x9fc014e0        0x8 c:/program files/microchip/xc32/v2.50/bin/bin/../../lib/gcc/pic32mx/4.8.3/../../../../pic32mx/lib\libpic32.a(vector23.o)
                0x9fc014e0                __vector_dispatch_23
                0x00000001                ASSERT (((_vector_spacing == 0x0) || (SIZEOF (.vector_23) <= (_vector_spacing << 0x5))), function at exception vector 23 too large)

.vector_24      0x9fc01500        0x8
 *(.vector_24)
 .vector_24     0x9fc01500        0x8 c:/program files/microchip/xc32/v2.50/bin/bin/../../lib/gcc/pic32mx/4.8.3/../../../../pic32mx/lib\libpic32.a(vector24.o)
                0x9fc01500                __vector_dispatch_24
                0x00000001                ASSERT (((_vector_spacing == 0x0) || (SIZEOF (.vector_24) <= (_vector_spacing << 0x5))), function at exception vector 24 too large)

.vector_25      0x9fc01520        0x8
 *(.vector_25)
 .vector_25     0x9fc01520        0x8 c:/program files/microchip/xc32/v2.50/bin/bin/../../lib/gcc/pic32mx/4.8.3/../../../../pic32mx/lib\libpic32.a(vector25.o)
                0x9fc01520                __vector_dispatch_25
                0x00000001                ASSERT (((_vector_spacing == 0x0) || (SIZEOF (.vector_25) <= (_vector_spacing << 0x5))), function at exception vector 25 too large)

.vector_26      0x9fc01540        0x8
 *(.vector_26)
 .vector_26     0x9fc01540        0x8 c:/program files/microchip/xc32/v2.50/bin/bin/../../lib/gcc/pic32mx/4.8.3/../../../../pic32mx/lib\libpic32.a(vector26.o)
                0x9fc01540                __vector_dispatch_26
                0x00000001                ASSERT (((_vector_spacing == 0x0) || (SIZEOF (.vector_26) <= (_vector_spacing << 0x5))), function at exception vector 26 too large)

.vector_27      0x9fc01560        0x8
 *(.vector_27)
 .vector_27     0x9fc01560        0x8 c:/program files/microchip/xc32/v2.50/bin/bin/../../lib/gcc/pic32mx/4.8.3/../../../../pic32mx/lib\libpic32.a(vector27.o)
                0x9fc01560                __vector_dispatch_27
                0x00000001                ASSERT (((_vector_spacing == 0x0) || (SIZEOF (.vector_27) <= (_vector_spacing << 0x5))), function at exception vector 27 too large)

.vector_28      0x9fc01580        0x8
 *(.vector_28)
 .vector_28     0x9fc01580        0x8 c:/program files/microchip/xc32/v2.50/bin/bin/../../lib/gcc/pic32mx/4.8.3/../../../../pic32mx/lib\libpic32.a(vector28.o)
                0x9fc01580                __vector_dispatch_28
                0x00000001                ASSERT (((_vector_spacing == 0x0) || (SIZEOF (.vector_28) <= (_vector_spacing << 0x5))), function at exception vector 28 too large)

.vector_29      0x9fc015a0        0x8
 *(.vector_29)
 .vector_29     0x9fc015a0        0x8 c:/program files/microchip/xc32/v2.50/bin/bin/../../lib/gcc/pic32mx/4.8.3/../../../../pic32mx/lib\libpic32.a(vector29.o)
                0x9fc015a0                __vector_dispatch_29
                0x00000001                ASSERT (((_vector_spacing == 0x0) || (SIZEOF (.vector_29) <= (_vector_spacing << 0x5))), function at exception vector 29 too large)

.vector_30      0x9fc015c0        0x8
 *(.vector_30)
 .vector_30     0x9fc015c0        0x8 c:/program files/microchip/xc32/v2.50/bin/bin/../../lib/gcc/pic32mx/4.8.3/../../../../pic32mx/lib\libpic32.a(vector30.o)
                0x9fc015c0                __vector_dispatch_30
                0x00000001                ASSERT (((_vector_spacing == 0x0) || (SIZEOF (.vector_30) <= (_vector_spacing << 0x5))), function at exception vector 30 too large)

.vector_31      0x9fc015e0        0x8
 *(.vector_31)
 .vector_31     0x9fc015e0        0x8 c:/program files/microchip/xc32/v2.50/bin/bin/../../lib/gcc/pic32mx/4.8.3/../../../../pic32mx/lib\libpic32.a(vector31.o)
                0x9fc015e0                __vector_dispatch_31
                0x00000001                ASSERT (((_vector_spacing == 0x0) || (SIZEOF (.vector_31) <= (_vector_spacing << 0x5))), function at exception vector 31 too large)

.vector_32      0x9fc01600        0x8
 *(.vector_32)
 .vector_32     0x9fc01600        0x8 c:/program files/microchip/xc32/v2.50/bin/bin/../../lib/gcc/pic32mx/4.8.3/../../../../pic32mx/lib\libpic32.a(vector32.o)
                0x9fc01600                __vector_dispatch_32
                0x00000001                ASSERT (((_vector_spacing == 0x0) || (SIZEOF (.vector_32) <= (_vector_spacing << 0x5))), function at exception vector 32 too large)

.vector_33      0x9fc01620        0x8
 *(.vector_33)
 .vector_33     0x9fc01620        0x8 c:/program files/microchip/xc32/v2.50/bin/bin/../../lib/gcc/pic32mx/4.8.3/../../../../pic32mx/lib\libpic32.a(vector33.o)
                0x9fc01620                __vector_dispatch_33
                0x00000001                ASSERT (((_vector_spacing == 0x0) || (SIZEOF (.vector_33) <= (_vector_spacing << 0x5))), function at exception vector 33 too large)

.vector_34      0x9fc01640        0x8
 *(.vector_34)
 .vector_34     0x9fc01640        0x8 c:/program files/microchip/xc32/v2.50/bin/bin/../../lib/gcc/pic32mx/4.8.3/../../../../pic32mx/lib\libpic32.a(vector34.o)
                0x9fc01640                __vector_dispatch_34
                0x00000001                ASSERT (((_vector_spacing == 0x0) || (SIZEOF (.vector_34) <= (_vector_spacing << 0x5))), function at exception vector 34 too large)

.vector_35      0x9fc01660        0x8
 *(.vector_35)
 .vector_35     0x9fc01660        0x8 c:/program files/microchip/xc32/v2.50/bin/bin/../../lib/gcc/pic32mx/4.8.3/../../../../pic32mx/lib\libpic32.a(vector35.o)
                0x9fc01660                __vector_dispatch_35
                0x00000001                ASSERT (((_vector_spacing == 0x0) || (SIZEOF (.vector_35) <= (_vector_spacing << 0x5))), function at exception vector 35 too large)

.vector_36      0x9fc01680        0x8
 *(.vector_36)
 .vector_36     0x9fc01680        0x8 c:/program files/microchip/xc32/v2.50/bin/bin/../../lib/gcc/pic32mx/4.8.3/../../../../pic32mx/lib\libpic32.a(vector36.o)
                0x9fc01680                __vector_dispatch_36
                0x00000001                ASSERT (((_vector_spacing == 0x0) || (SIZEOF (.vector_36) <= (_vector_spacing << 0x5))), function at exception vector 36 too large)

.vector_37      0x9fc016a0        0x8
 *(.vector_37)
 .vector_37     0x9fc016a0        0x8 c:/program files/microchip/xc32/v2.50/bin/bin/../../lib/gcc/pic32mx/4.8.3/../../../../pic32mx/lib\libpic32.a(vector37.o)
                0x9fc016a0                __vector_dispatch_37
                0x00000001                ASSERT (((_vector_spacing == 0x0) || (SIZEOF (.vector_37) <= (_vector_spacing << 0x5))), function at exception vector 37 too large)

.vector_38      0x9fc016c0        0x8
 *(.vector_38)
 .vector_38     0x9fc016c0        0x8 c:/program files/microchip/xc32/v2.50/bin/bin/../../lib/gcc/pic32mx/4.8.3/../../../../pic32mx/lib\libpic32.a(vector38.o)
                0x9fc016c0                __vector_dispatch_38
                0x00000001                ASSERT (((_vector_spacing == 0x0) || (SIZEOF (.vector_38) <= (_vector_spacing << 0x5))), function at exception vector 38 too large)

.vector_39      0x9fc016e0        0x8
 *(.vector_39)
 .vector_39     0x9fc016e0        0x8 c:/program files/microchip/xc32/v2.50/bin/bin/../../lib/gcc/pic32mx/4.8.3/../../../../pic32mx/lib\libpic32.a(vector39.o)
                0x9fc016e0                __vector_dispatch_39
                0x00000001                ASSERT (((_vector_spacing == 0x0) || (SIZEOF (.vector_39) <= (_vector_spacing << 0x5))), function at exception vector 39 too large)

.vector_40      0x9fc01700        0x8
 *(.vector_40)
 .vector_40     0x9fc01700        0x8 c:/program files/microchip/xc32/v2.50/bin/bin/../../lib/gcc/pic32mx/4.8.3/../../../../pic32mx/lib\libpic32.a(vector40.o)
                0x9fc01700                __vector_dispatch_40
                0x00000001                ASSERT (((_vector_spacing == 0x0) || (SIZEOF (.vector_40) <= (_vector_spacing << 0x5))), function at exception vector 40 too large)

.vector_41      0x9fc01720        0x8
 *(.vector_41)
 .vector_41     0x9fc01720        0x8 c:/program files/microchip/xc32/v2.50/bin/bin/../../lib/gcc/pic32mx/4.8.3/../../../../pic32mx/lib\libpic32.a(vector41.o)
                0x9fc01720                __vector_dispatch_41
                0x00000001                ASSERT (((_vector_spacing == 0x0) || (SIZEOF (.vector_41) <= (_vector_spacing << 0x5))), function at exception vector 41 too large)

.vector_42      0x9fc01740        0x8
 *(.vector_42)
 .vector_42     0x9fc01740        0x8 c:/program files/microchip/xc32/v2.50/bin/bin/../../lib/gcc/pic32mx/4.8.3/../../../../pic32mx/lib\libpic32.a(vector42.o)
                0x9fc01740                __vector_dispatch_42
                0x00000001                ASSERT (((_vector_spacing == 0x0) || (SIZEOF (.vector_42) <= (_vector_spacing << 0x5))), function at exception vector 42 too large)

.vector_43      0x9fc01760        0x8
 *(.vector_43)
 .vector_43     0x9fc01760        0x8 c:/program files/microchip/xc32/v2.50/bin/bin/../../lib/gcc/pic32mx/4.8.3/../../../../pic32mx/lib\libpic32.a(vector43.o)
                0x9fc01760                __vector_dispatch_43
                0x00000001                ASSERT (((_vector_spacing == 0x0) || (SIZEOF (.vector_43) <= (_vector_spacing << 0x5))), function at exception vector 43 too large)

.vector_44      0x9fc01780        0x8
 *(.vector_44)
 .vector_44     0x9fc01780        0x8 c:/program files/microchip/xc32/v2.50/bin/bin/../../lib/gcc/pic32mx/4.8.3/../../../../pic32mx/lib\libpic32.a(vector44.o)
                0x9fc01780                __vector_dispatch_44
                0x00000001                ASSERT (((_vector_spacing == 0x0) || (SIZEOF (.vector_44) <= (_vector_spacing << 0x5))), function at exception vector 44 too large)

.vector_45      0x9fc017a0        0x8
 *(.vector_45)
 .vector_45     0x9fc017a0        0x8 build/pic32mx460_pim_e16_int_dyn/debug/_ext/1196730619/system_interrupt.o
                0x9fc017a0                __vector_dispatch_45
                0x00000001                ASSERT (((_vector_spacing == 0x0) || (SIZEOF (.vector_45) <= (_vector_spacing << 0x5))), function at exception vector 45 too large)

.vector_46      0x9fc017c0        0x0
 *(.vector_46)
                0x00000001                ASSERT (((_vector_spacing == 0x0) || (SIZEOF (.vector_46) <= (_vector_spacing << 0x5))), function at exception vector 46 too large)

.vector_47      0x9fc017e0        0x0
 *(.vector_47)
                0x00000001                ASSERT (((_vector_spacing == 0x0) || (SIZEOF (.vector_47) <= (_vector_spacing << 0x5))), function at exception vector 47 too large)

.vector_48      0x9fc01800        0x0
 *(.vector_48)
                0x00000001                ASSERT (((_vector_spacing == 0x0) || (SIZEOF (.vector_48) <= (_vector_spacing << 0x5))), function at exception vector 48 too large)

.vector_49      0x9fc01820        0x0
 *(.vector_49)
                0x00000001                ASSERT (((_vector_spacing == 0x0) || (SIZEOF (.vector_49) <= (_vector_spacing << 0x5))), function at exception vector 49 too large)

.vector_50      0x9fc01840        0x0
 *(.vector_50)
                0x00000001                ASSERT (((_vector_spacing == 0x0) || (SIZEOF (.vector_50) <= (_vector_spacing << 0x5))), function at exception vector 50 too large)

.vector_51      0x9fc01860        0x0
 *(.vector_51)
                0x00000001                ASSERT (((_vector_spacing == 0x0) || (SIZEOF (.vector_51) <= (_vector_spacing << 0x5))), function at exception vector 51 too large)

.vector_52      0x9fc01880        0x0
 *(.vector_52)
                0x00000001                ASSERT (((_vector_spacing == 0x0) || (SIZEOF (.vector_52) <= (_vector_spacing << 0x5))), function at exception vector 52 too large)

.vector_53      0x9fc018a0        0x0
 *(.vector_53)
                0x00000001                ASSERT (((_vector_spacing == 0x0) || (SIZEOF (.vector_53) <= (_vector_spacing << 0x5))), function at exception vector 53 too large)

.vector_54      0x9fc018c0        0x0
 *(.vector_54)
                0x00000001                ASSERT (((_vector_spacing == 0x0) || (SIZEOF (.vector_54) <= (_vector_spacing << 0x5))), function at exception vector 54 too large)

.vector_55      0x9fc018e0        0x0
 *(.vector_55)
                0x00000001                ASSERT (((_vector_spacing == 0x0) || (SIZEOF (.vector_55) <= (_vector_spacing << 0x5))), function at exception vector 55 too large)

.vector_56      0x9fc01900        0x0
 *(.vector_56)
                0x00000001                ASSERT (((_vector_spacing == 0x0) || (SIZEOF (.vector_56) <= (_vector_spacing << 0x5))), function at exception vector 56 too large)

.vector_57      0x9fc01920        0x0
 *(.vector_57)
                0x00000001                ASSERT (((_vector_spacing == 0x0) || (SIZEOF (.vector_57) <= (_vector_spacing << 0x5))), function at exception vector 57 too large)

.vector_58      0x9fc01940        0x0
 *(.vector_58)
                0x00000001                ASSERT (((_vector_spacing == 0x0) || (SIZEOF (.vector_58) <= (_vector_spacing << 0x5))), function at exception vector 58 too large)

.vector_59      0x9fc01960        0x0
 *(.vector_59)
                0x00000001                ASSERT (((_vector_spacing == 0x0) || (SIZEOF (.vector_59) <= (_vector_spacing << 0x5))), function at exception vector 59 too large)

.vector_60      0x9fc01980        0x0
 *(.vector_60)
                0x00000001                ASSERT (((_vector_spacing == 0x0) || (SIZEOF (.vector_60) <= (_vector_spacing << 0x5))), function at exception vector 60 too large)

.vector_61      0x9fc019a0        0x0
 *(.vector_61)
                0x00000001                ASSERT (((_vector_spacing == 0x0) || (SIZEOF (.vector_61) <= (_vector_spacing << 0x5))), function at exception vector 61 too large)

.vector_62      0x9fc019c0        0x0
 *(.vector_62)
                0x00000001                ASSERT (((_vector_spacing == 0x0) || (SIZEOF (.vector_62) <= (_vector_spacing << 0x5))), function at exception vector 62 too large)

.vector_63      0x9fc019e0        0x0
 *(.vector_63)
                0x00000001                ASSERT (((_vector_spacing == 0x0) || (SIZEOF (.vector_63) <= (_vector_spacing << 0x5))), function at exception vector 63 too large)

.startup
 *(.startup)

.text           0x9d000000        0x0
 *(.stub .gnu.linkonce.t.*)
 *(.text.*personality*)
 *(.mips16.fn.*)
 *(.mips16.call.*)
 *(.gnu.warning)
                0x9d000000                . = ALIGN (0x4)

.init           0x9d000000        0x0
 *crti.o(.init)
 *crtbegin.o(.init)
 *(EXCLUDE_FILE(*crtn.o *crtend?.o *crtend.o) .init)
 *crtend.o(.init)
 *crtn.o(.init)
                0x9d000000                . = ALIGN (0x4)

.fini           0x9d000000        0x0
 *(.fini)
                0x9d000000                . = ALIGN (0x4)

.preinit_array  0x9d000000        0x0
                0x9d000000                PROVIDE (__preinit_array_start, .)
 *(.preinit_array)
                0x9d000000                PROVIDE (__preinit_array_end, .)
                0x9d000000                . = ALIGN (0x4)

.init_array     0x9d000000        0x0
                0x9d000000                PROVIDE (__init_array_start, .)
 *(SORT(.init_array.*))
 *(.init_array)
                0x9d000000                PROVIDE (__init_array_end, .)
                0x9d000000                . = ALIGN (0x4)

.fini_array     0x9d000000        0x0
                0x9d000000                PROVIDE (__fini_array_start, .)
 *(SORT(.fini_array.*))
 *(.fini_array)
                0x9d000000                PROVIDE (__fini_array_end, .)
                0x9d000000                . = ALIGN (0x4)

.ctors          0x9d000000        0x0
 *crtbegin.o(.ctors)
 *crtbegin?.o(.ctors)
 *(EXCLUDE_FILE(*crtend?.o *crtend.o) .ctors)
 *(SORT(.ctors.*))
 *(.ctors)
                0x9d000000                . = ALIGN (0x4)

.dtors          0x9d000000        0x0
 *crtbegin.o(.dtors)
 *crtbegin?.o(.dtors)
 *(EXCLUDE_FILE(*crtend?.o *crtend.o) .dtors)
 *(SORT(.dtors.*))
 *(.dtors)
                0x9d000000                . = ALIGN (0x4)

.rodata         0x9d000000        0x0
 *(.gnu.linkonce.r.*)
 *(.rodata1)
                0x9d000000                . = ALIGN (0x4)

.sdata2         0x9fc00490        0x0
 *(.sdata2 .sdata2.* .gnu.linkonce.s2.*)
                0x9fc00490                . = ALIGN (0x4)

.sbss2          0x9fc00490        0x0
 *(.sbss2 .sbss2.* .gnu.linkonce.sb2.*)
                0x9fc00490                . = ALIGN (0x4)

.eh_frame_hdr
 *(.eh_frame_hdr)
                0x9fc00490                . = ALIGN (0x4)

.eh_frame
 *(.eh_frame)
                0x9fc00490                . = ALIGN (0x4)

.gcc_except_table
 *(.gcc_except_table .gcc_except_table.*)
                0x9fc00490                . = ALIGN (0x4)

.dbg_data       0xa0000200        0x0
                0xa0000200                . = (. + DEFINED (_DEBUGGER)?0x200:0x0)

.jcr            0xa0000200        0x0
 *(.jcr)
                0xa0000200                . = ALIGN (0x4)

.eh_frame
 *(.eh_frame)
                0xa0000200                . = ALIGN (0x4)

.gcc_except_table
 *(.gcc_except_table .gcc_except_table.*)
                0xa0000200                . = ALIGN (0x4)

.persist        0xa0000200        0x0
                0xa0000200                _persist_begin = .
 *(.persist .persist.*)
 *(.pbss .pbss.*)
                0xa0000200                . = ALIGN (0x4)
                0xa0000200                _persist_end = .

.data           0xa0000200        0x0
 *(.gnu.linkonce.d.*)
 *(.data1)
                0xa0000200                . = ALIGN (0x4)
                0xa0000200                . = .
                0xa00081f0                _gp = (ALIGN (0x10) + 0x7ff0)

.got            0xa0000200        0x0
 *(.got.plt)
 *(.got)
                0xa0000200                . = ALIGN (0x4)

.sdata          0xa0000200        0x0
                0xa0000200                _sdata_begin = .
 *(.sdata .sdata.* .gnu.linkonce.s.*)
                0xa0000200                . = ALIGN (0x4)
                0xa0000200                _sdata_end = .

.lit8
 *(.lit8)

.lit4
 *(.lit4)
                0xa0000200                . = ALIGN (0x4)
                0xa0000200                _data_end = .
                0xa0000200                _bss_begin = .

.sbss           0xa0000200       0x20
                0xa0000200                _sbss_begin = .
 *(.dynsbss)
 *(.sbss .sbss.* .gnu.linkonce.sb.*)
 .sbss          0xa0000200        0xc build/pic32mx460_pim_e16_int_dyn/debug/_ext/1196730619/system_exceptions.o
 *(.scommon)
 .scommon       0xa000020c        0x8 build/pic32mx460_pim_e16_int_dyn/debug/_ext/1227067107/sys_devcon.o
                0xa000020c                sysDevconObj
 .scommon       0xa0000214        0x8 build/pic32mx460_pim_e16_int_dyn/debug/_ext/1196730619/system_init.o
                0xa0000214                sysObj
 .scommon       0xa000021c        0x2 build/pic32mx460_pim_e16_int_dyn/debug/_ext/692885480/usb_device_cdc.o
                0xa000021c                gUSBDeviceCdcCommonDataObj
                0xa000021e                _sbss_end = .
                0xa0000220                . = ALIGN (0x4)
 *fill*         0xa000021e        0x2 

.bss            0xa0000400      0x24c
 *(.dynbss)
 *(COMMON)
 COMMON         0xa0000400       0x60 build/pic32mx460_pim_e16_int_dyn/debug/_ext/1196730619/system_init.o
                0xa0000400                endPointTable
 COMMON         0xa0000460       0x78 build/pic32mx460_pim_e16_int_dyn/debug/_ext/1360937237/app.o
                0xa0000460                readBuffer
                0xa00004a0                appData
 COMMON         0xa00004d8       0xc8 build/pic32mx460_pim_e16_int_dyn/debug/_ext/1585079243/drv_usbfs.o
                0xa00004d8                gDrvUSBGroup
 COMMON         0xa00005a0       0xac build/pic32mx460_pim_e16_int_dyn/debug/_ext/692885480/usb_device_cdc.o
                0xa00005a0                gUSBDeviceCDCIRP
                0xa000060c                gUSBDeviceCDCInstance
                0xa000064c                . = ALIGN ((. != 0x0)?0x4:0x1)
                0xa000064c                . = ALIGN (0x4)
                0xa000064c                _end = .
                0xa000064c                _bss_end = .
                0x00008000                _bmxdudba_address = 0x8000
                0x00008000                _bmxdupba_address = 0x8000

/DISCARD/
 *(.pdr)
 *(.rel.dyn)
 *(.note.GNU-stack)
 *(.note.GNU-stack)
 *(.gnu_debuglink)
 *(.gnu.lto_*)
 *(.discard)

.gptab.sdata
 *(.gptab.data)
 *(.gptab.sdata)

.gptab.sbss
 *(.gptab.bss)
 *(.gptab.sbss)

.mdebug.abi32   0xa000064c        0x0
 *(.mdebug.abi32)
 .mdebug.abi32  0xa000064c        0x0 c:/program files/microchip/xc32/v2.50/bin/bin/../../lib/gcc/pic32mx/4.8.3/../../../../pic32mx/lib\software-debug-break.o
 .mdebug.abi32  0xa000064c        0x0 build/pic32mx460_pim_e16_int_dyn/debug/_ext/894922965/bsp.o
 .mdebug.abi32  0xa000064c        0x0 build/pic32mx460_pim_e16_int_dyn/debug/_ext/757127772/sys_clk_pic32mx.o
 .mdebug.abi32  0xa000064c        0x0 build/pic32mx460_pim_e16_int_dyn/debug/_ext/1227067107/sys_devcon.o
 .mdebug.abi32  0xa000064c        0x0 build/pic32mx460_pim_e16_int_dyn/debug/_ext/1227067107/sys_devcon_pic32mx.o
 .mdebug.abi32  0xa000064c        0x0 build/pic32mx460_pim_e16_int_dyn/debug/_ext/257733644/sys_ports_static.o
 .mdebug.abi32  0xa000064c        0x0 build/pic32mx460_pim_e16_int_dyn/debug/_ext/1196730619/system_init.o
 .mdebug.abi32  0xa000064c        0x0 build/pic32mx460_pim_e16_int_dyn/debug/_ext/1196730619/system_interrupt.o
 .mdebug.abi32  0xa000064c        0x0 build/pic32mx460_pim_e16_int_dyn/debug/_ext/1196730619/system_exceptions.o
 .mdebug.abi32  0xa000064c        0x0 build/pic32mx460_pim_e16_int_dyn/debug/_ext/1196730619/system_tasks.o
 .mdebug.abi32  0xa000064c        0x0 build/pic32mx460_pim_e16_int_dyn/debug/_ext/1360937237/app.o
 .mdebug.abi32  0xa000064c        0x0 build/pic32mx460_pim_e16_int_dyn/debug/_ext/1360937237/main.o
 .mdebug.abi32  0xa000064c        0x0 build/pic32mx460_pim_e16_int_dyn/debug/_ext/1585079243/drv_usbfs.o
 .mdebug.abi32  0xa000064c        0x0 build/pic32mx460_pim_e16_int_dyn/debug/_ext/1585079243/drv_usbfs_device.o
 .mdebug.abi32  0xa000064c        0x0 build/pic32mx460_pim_e16_int_dyn/debug/_ext/711155467/sys_int_pic32.o
 .mdebug.abi32  0xa000064c        0x0 build/pic32mx460_pim_e16_int_dyn/debug/_ext/692885480/usb_device.o
 .mdebug.abi32  0xa000064c        0x0 build/pic32mx460_pim_e16_int_dyn/debug/_ext/692885480/usb_device_cdc.o
 .mdebug.abi32  0xa000064c        0x0 build/pic32mx460_pim_e16_int_dyn/debug/_ext/692885480/usb_device_cdc_acm.o
 .mdebug.abi32  0xa000064c        0x0 c:/program files/microchip/xc32/v2.50/bin/bin/../../lib/gcc/pic32mx/4.8.3/../../../../pic32mx/lib\libpic32.a(default-bootstrap-exception-handler.o)
 .mdebug.abi32  0xa000064c        0x0 c:/program files/microchip/xc32/v2.50/bin/bin/../../lib/gcc/pic32mx/4.8.3/../../../../pic32mx/lib\libpic32.a(default-on-reset.o)
 .mdebug.abi32  0xa000064c        0x0 c:/program files/microchip/xc32/v2.50/bin/bin/../../lib/gcc/pic32mx/4.8.3/../../../../pic32mx/lib\libpic32.a(default-on-bootstrap.o)
 .mdebug.abi32  0xa000064c        0x0 c:/program files/microchip/xc32/v2.50/bin/bin/../../lib/gcc/pic32mx/4.8.3/../../../../pic32mx/lib\libpic32.a(defaultinterrupt.o)

.mdebug.abiN32
 *(.mdebug.abiN32)

.mdebug.abi64
 *(.mdebug.abi64)

.mdebug.abiO64
 *(.mdebug.abiO64)

.mdebug.eabi32
 *(.mdebug.eabi32)

.mdebug.eabi64
 *(.mdebug.eabi64)

.gcc_compiled_long32
 *(.gcc_compiled_long32)

.gcc_compiled_long64
 *(.gcc_compiled_long64)

.stab
 *(.stab)

.stabstr
 *(.stabstr)

.stab.excl
 *(.stab.excl)

.stab.exclstr
 *(.stab.exclstr)

.stab.index
 *(.stab.index)

.stab.indexstr
 *(.stab.indexstr)

.comment        0x00000000       0x3c
 *(.comment)
 .comment       0x00000000       0x3c c:/program files/microchip/xc32/v2.50/bin/bin/../../lib/gcc/pic32mx/4.8.3/../../../../pic32mx/lib\software-debug-break.o
                                 0x3d (size before relaxing)
 .comment       0x00000000       0x3d build/pic32mx460_pim_e16_int_dyn/debug/_ext/894922965/bsp.o
 .comment       0x00000000       0x3d build/pic32mx460_pim_e16_int_dyn/debug/_ext/757127772/sys_clk_pic32mx.o
 .comment       0x00000000       0x3d build/pic32mx460_pim_e16_int_dyn/debug/_ext/1227067107/sys_devcon.o
 .comment       0x00000000       0x3d build/pic32mx460_pim_e16_int_dyn/debug/_ext/1227067107/sys_devcon_pic32mx.o
 .comment       0x00000000       0x3d build/pic32mx460_pim_e16_int_dyn/debug/_ext/257733644/sys_ports_static.o
 .comment       0x00000000       0x3d build/pic32mx460_pim_e16_int_dyn/debug/_ext/1196730619/system_init.o
 .comment       0x00000000       0x3d build/pic32mx460_pim_e16_int_dyn/debug/_ext/1196730619/system_interrupt.o
 .comment       0x00000000       0x3d build/pic32mx460_pim_e16_int_dyn/debug/_ext/1196730619/system_exceptions.o
 .comment       0x00000000       0x3d build/pic32mx460_pim_e16_int_dyn/debug/_ext/1196730619/system_tasks.o
 .comment       0x00000000       0x3d build/pic32mx460_pim_e16_int_dyn/debug/_ext/1360937237/app.o
 .comment       0x00000000       0x3d build/pic32mx460_pim_e16_int_dyn/debug/_ext/1360937237/main.o
 .comment       0x00000000       0x3d build/pic32mx460_pim_e16_int_dyn/debug/_ext/1585079243/drv_usbfs.o
 .comment       0x00000000       0x3d build/pic32mx460_pim_e16_int_dyn/debug/_ext/1585079243/drv_usbfs_device.o
 .comment       0x00000000       0x3d build/pic32mx460_pim_e16_int_dyn/debug/_ext/711155467/sys_int_pic32.o
 .comment       0x00000000       0x3d build/pic32mx460_pim_e16_int_dyn/debug/_ext/692885480/usb_device.o
 .comment       0x00000000       0x3d build/pic32mx460_pim_e16_int_dyn/debug/_ext/692885480/usb_device_cdc.o
 .comment       0x00000000       0x3d build/pic32mx460_pim_e16_int_dyn/debug/_ext/692885480/usb_device_cdc_acm.o
 .comment       0x00000000       0x3d c:/program files/microchip/xc32/v2.50/bin/bin/../../lib/gcc/pic32mx/4.8.3/../../../../pic32mx/lib\libpic32.a(default-bootstrap-exception-handler.o)
 .comment       0x00000000       0x3d c:/program files/microchip/xc32/v2.50/bin/bin/../../lib/gcc/pic32mx/4.8.3/../../../../pic32mx/lib\libpic32.a(default-on-reset.o)
 .comment       0x00000000       0x3d c:/program files/microchip/xc32/v2.50/bin/bin/../../lib/gcc/pic32mx/4.8.3/../../../../pic32mx/lib\libpic32.a(default-on-bootstrap.o)
 .comment       0x00000000       0x3d c:/program files/microchip/xc32/v2.50/bin/bin/../../lib/gcc/pic32mx/4.8.3/../../../../pic32mx/lib\libpic32.a(defaultinterrupt.o)

.debug
 *(.debug)

.line
 *(.line)

.debug_srcinfo
 *(.debug_srcinfo)

.debug_sfnames
 *(.debug_sfnames)

.debug_aranges  0x00000000      0x818
 *(.debug_aranges)
 .debug_aranges
                0x00000000       0x20 c:/program files/microchip/xc32/v2.50/bin/bin/../../lib/gcc/pic32mx/4.8.3/../../../../pic32mx/lib\software-debug-break.o
 .debug_aranges
                0x00000020       0x70 build/pic32mx460_pim_e16_int_dyn/debug/_ext/894922965/bsp.o
 .debug_aranges
                0x00000090       0x50 build/pic32mx460_pim_e16_int_dyn/debug/_ext/757127772/sys_clk_pic32mx.o
 .debug_aranges
                0x000000e0       0x78 build/pic32mx460_pim_e16_int_dyn/debug/_ext/1227067107/sys_devcon.o
 .debug_aranges
                0x00000158       0x20 build/pic32mx460_pim_e16_int_dyn/debug/_ext/1227067107/sys_devcon_pic32mx.o
 .debug_aranges
                0x00000178      0x148 build/pic32mx460_pim_e16_int_dyn/debug/_ext/257733644/sys_ports_static.o
 .debug_aranges
                0x000002c0       0x20 build/pic32mx460_pim_e16_int_dyn/debug/_ext/1196730619/system_init.o
 .debug_aranges
                0x000002e0       0x20 build/pic32mx460_pim_e16_int_dyn/debug/_ext/1196730619/system_interrupt.o
 .debug_aranges
                0x00000300       0x20 build/pic32mx460_pim_e16_int_dyn/debug/_ext/1196730619/system_exceptions.o
 .debug_aranges
                0x00000320       0x20 build/pic32mx460_pim_e16_int_dyn/debug/_ext/1196730619/system_tasks.o
 .debug_aranges
                0x00000340       0x48 build/pic32mx460_pim_e16_int_dyn/debug/_ext/1360937237/app.o
 .debug_aranges
                0x00000388       0x20 build/pic32mx460_pim_e16_int_dyn/debug/_ext/1360937237/main.o
 .debug_aranges
                0x000003a8       0x60 build/pic32mx460_pim_e16_int_dyn/debug/_ext/1585079243/drv_usbfs.o
 .debug_aranges
                0x00000408       0xc0 build/pic32mx460_pim_e16_int_dyn/debug/_ext/1585079243/drv_usbfs_device.o
 .debug_aranges
                0x000004c8       0x48 build/pic32mx460_pim_e16_int_dyn/debug/_ext/711155467/sys_int_pic32.o
 .debug_aranges
                0x00000510      0x1a0 build/pic32mx460_pim_e16_int_dyn/debug/_ext/692885480/usb_device.o
 .debug_aranges
                0x000006b0       0x88 build/pic32mx460_pim_e16_int_dyn/debug/_ext/692885480/usb_device_cdc.o
 .debug_aranges
                0x00000738       0x20 build/pic32mx460_pim_e16_int_dyn/debug/_ext/692885480/usb_device_cdc_acm.o
 .debug_aranges
                0x00000758       0x40 C:\Users\DIESAV~1\AppData\Local\Temp\ccwmYEYm.o
 .debug_aranges
                0x00000798       0x20 c:/program files/microchip/xc32/v2.50/bin/bin/../../lib/gcc/pic32mx/4.8.3/../../../../pic32mx/lib\libpic32.a(default-bootstrap-exception-handler.o)
 .debug_aranges
                0x000007b8       0x20 c:/program files/microchip/xc32/v2.50/bin/bin/../../lib/gcc/pic32mx/4.8.3/../../../../pic32mx/lib\libpic32.a(default-on-reset.o)
 .debug_aranges
                0x000007d8       0x20 c:/program files/microchip/xc32/v2.50/bin/bin/../../lib/gcc/pic32mx/4.8.3/../../../../pic32mx/lib\libpic32.a(default-on-bootstrap.o)
 .debug_aranges
                0x000007f8       0x20 c:/program files/microchip/xc32/v2.50/bin/bin/../../lib/gcc/pic32mx/4.8.3/../../../../pic32mx/lib\libpic32.a(defaultinterrupt.o)

.debug_pubnames
 *(.debug_pubnames)

.debug_info     0x00000000    0x2bc20
 *(.debug_info .gnu.linkonce.wi.*)
 .debug_info    0x00000000       0xe3 c:/program files/microchip/xc32/v2.50/bin/bin/../../lib/gcc/pic32mx/4.8.3/../../../../pic32mx/lib\software-debug-break.o
 .debug_info    0x000000e3     0x1567 build/pic32mx460_pim_e16_int_dyn/debug/_ext/894922965/bsp.o
 .debug_info    0x0000164a     0x14f9 build/pic32mx460_pim_e16_int_dyn/debug/_ext/757127772/sys_clk_pic32mx.o
 .debug_info    0x00002b43     0x179f build/pic32mx460_pim_e16_int_dyn/debug/_ext/1227067107/sys_devcon.o
 .debug_info    0x000042e2     0x18e9 build/pic32mx460_pim_e16_int_dyn/debug/_ext/1227067107/sys_devcon_pic32mx.o
 .debug_info    0x00005bcb     0x4144 build/pic32mx460_pim_e16_int_dyn/debug/_ext/257733644/sys_ports_static.o
 .debug_info    0x00009d0f     0x48fe build/pic32mx460_pim_e16_int_dyn/debug/_ext/1196730619/system_init.o
 .debug_info    0x0000e60d      0xa1c build/pic32mx460_pim_e16_int_dyn/debug/_ext/1196730619/system_interrupt.o
 .debug_info    0x0000f029      0xfea build/pic32mx460_pim_e16_int_dyn/debug/_ext/1196730619/system_exceptions.o
 .debug_info    0x00010013      0xa4f build/pic32mx460_pim_e16_int_dyn/debug/_ext/1196730619/system_tasks.o
 .debug_info    0x00010a62     0x265b build/pic32mx460_pim_e16_int_dyn/debug/_ext/1360937237/app.o
 .debug_info    0x000130bd      0x1cd build/pic32mx460_pim_e16_int_dyn/debug/_ext/1360937237/main.o
 .debug_info    0x0001328a     0x45e6 build/pic32mx460_pim_e16_int_dyn/debug/_ext/1585079243/drv_usbfs.o
 .debug_info    0x00017870     0x7de9 build/pic32mx460_pim_e16_int_dyn/debug/_ext/1585079243/drv_usbfs_device.o
 .debug_info    0x0001f659     0x1167 build/pic32mx460_pim_e16_int_dyn/debug/_ext/711155467/sys_int_pic32.o
 .debug_info    0x000207c0     0x5cf6 build/pic32mx460_pim_e16_int_dyn/debug/_ext/692885480/usb_device.o
 .debug_info    0x000264b6     0x3d89 build/pic32mx460_pim_e16_int_dyn/debug/_ext/692885480/usb_device_cdc.o
 .debug_info    0x0002a23f     0x1579 build/pic32mx460_pim_e16_int_dyn/debug/_ext/692885480/usb_device_cdc_acm.o
 .debug_info    0x0002b7b8       0xeb C:\Users\DIESAV~1\AppData\Local\Temp\ccwmYEYm.o
 .debug_info    0x0002b8a3       0xf4 c:/program files/microchip/xc32/v2.50/bin/bin/../../lib/gcc/pic32mx/4.8.3/../../../../pic32mx/lib\libpic32.a(default-bootstrap-exception-handler.o)
 .debug_info    0x0002b997       0xcd c:/program files/microchip/xc32/v2.50/bin/bin/../../lib/gcc/pic32mx/4.8.3/../../../../pic32mx/lib\libpic32.a(default-on-reset.o)
 .debug_info    0x0002ba64       0xd5 c:/program files/microchip/xc32/v2.50/bin/bin/../../lib/gcc/pic32mx/4.8.3/../../../../pic32mx/lib\libpic32.a(default-on-bootstrap.o)
 .debug_info    0x0002bb39       0xe7 c:/program files/microchip/xc32/v2.50/bin/bin/../../lib/gcc/pic32mx/4.8.3/../../../../pic32mx/lib\libpic32.a(defaultinterrupt.o)

.debug_abbrev   0x00000000     0x2c87
 *(.debug_abbrev)
 .debug_abbrev  0x00000000       0x28 c:/program files/microchip/xc32/v2.50/bin/bin/../../lib/gcc/pic32mx/4.8.3/../../../../pic32mx/lib\software-debug-break.o
 .debug_abbrev  0x00000028      0x2b3 build/pic32mx460_pim_e16_int_dyn/debug/_ext/894922965/bsp.o
 .debug_abbrev  0x000002db      0x26b build/pic32mx460_pim_e16_int_dyn/debug/_ext/757127772/sys_clk_pic32mx.o
 .debug_abbrev  0x00000546      0x2af build/pic32mx460_pim_e16_int_dyn/debug/_ext/1227067107/sys_devcon.o
 .debug_abbrev  0x000007f5      0x20f build/pic32mx460_pim_e16_int_dyn/debug/_ext/1227067107/sys_devcon_pic32mx.o
 .debug_abbrev  0x00000a04      0x279 build/pic32mx460_pim_e16_int_dyn/debug/_ext/257733644/sys_ports_static.o
 .debug_abbrev  0x00000c7d      0x357 build/pic32mx460_pim_e16_int_dyn/debug/_ext/1196730619/system_init.o
 .debug_abbrev  0x00000fd4      0x107 build/pic32mx460_pim_e16_int_dyn/debug/_ext/1196730619/system_interrupt.o
 .debug_abbrev  0x000010db      0x109 build/pic32mx460_pim_e16_int_dyn/debug/_ext/1196730619/system_exceptions.o
 .debug_abbrev  0x000011e4      0x11a build/pic32mx460_pim_e16_int_dyn/debug/_ext/1196730619/system_tasks.o
 .debug_abbrev  0x000012fe      0x282 build/pic32mx460_pim_e16_int_dyn/debug/_ext/1360937237/app.o
 .debug_abbrev  0x00001580       0x93 build/pic32mx460_pim_e16_int_dyn/debug/_ext/1360937237/main.o
 .debug_abbrev  0x00001613      0x41b build/pic32mx460_pim_e16_int_dyn/debug/_ext/1585079243/drv_usbfs.o
 .debug_abbrev  0x00001a2e      0x4f2 build/pic32mx460_pim_e16_int_dyn/debug/_ext/1585079243/drv_usbfs_device.o
 .debug_abbrev  0x00001f20      0x251 build/pic32mx460_pim_e16_int_dyn/debug/_ext/711155467/sys_int_pic32.o
 .debug_abbrev  0x00002171      0x465 build/pic32mx460_pim_e16_int_dyn/debug/_ext/692885480/usb_device.o
 .debug_abbrev  0x000025d6      0x441 build/pic32mx460_pim_e16_int_dyn/debug/_ext/692885480/usb_device_cdc.o
 .debug_abbrev  0x00002a17      0x1be build/pic32mx460_pim_e16_int_dyn/debug/_ext/692885480/usb_device_cdc_acm.o
 .debug_abbrev  0x00002bd5       0x12 C:\Users\DIESAV~1\AppData\Local\Temp\ccwmYEYm.o
 .debug_abbrev  0x00002be7       0x28 c:/program files/microchip/xc32/v2.50/bin/bin/../../lib/gcc/pic32mx/4.8.3/../../../../pic32mx/lib\libpic32.a(default-bootstrap-exception-handler.o)
 .debug_abbrev  0x00002c0f       0x28 c:/program files/microchip/xc32/v2.50/bin/bin/../../lib/gcc/pic32mx/4.8.3/../../../../pic32mx/lib\libpic32.a(default-on-reset.o)
 .debug_abbrev  0x00002c37       0x28 c:/program files/microchip/xc32/v2.50/bin/bin/../../lib/gcc/pic32mx/4.8.3/../../../../pic32mx/lib\libpic32.a(default-on-bootstrap.o)
 .debug_abbrev  0x00002c5f       0x28 c:/program files/microchip/xc32/v2.50/bin/bin/../../lib/gcc/pic32mx/4.8.3/../../../../pic32mx/lib\libpic32.a(defaultinterrupt.o)

.debug_line     0x00000000     0x5ca7
 *(.debug_line)
 .debug_line    0x00000000       0x99 c:/program files/microchip/xc32/v2.50/bin/bin/../../lib/gcc/pic32mx/4.8.3/../../../../pic32mx/lib\software-debug-break.o
 .debug_line    0x00000099      0x41d build/pic32mx460_pim_e16_int_dyn/debug/_ext/894922965/bsp.o
 .debug_line    0x000004b6      0x448 build/pic32mx460_pim_e16_int_dyn/debug/_ext/757127772/sys_clk_pic32mx.o
 .debug_line    0x000008fe      0x673 build/pic32mx460_pim_e16_int_dyn/debug/_ext/1227067107/sys_devcon.o
 .debug_line    0x00000f71      0x4c4 build/pic32mx460_pim_e16_int_dyn/debug/_ext/1227067107/sys_devcon_pic32mx.o
 .debug_line    0x00001435      0x7a2 build/pic32mx460_pim_e16_int_dyn/debug/_ext/257733644/sys_ports_static.o
 .debug_line    0x00001bd7      0x70a build/pic32mx460_pim_e16_int_dyn/debug/_ext/1196730619/system_init.o
 .debug_line    0x000022e1      0x221 build/pic32mx460_pim_e16_int_dyn/debug/_ext/1196730619/system_interrupt.o
 .debug_line    0x00002502      0x1f5 build/pic32mx460_pim_e16_int_dyn/debug/_ext/1196730619/system_exceptions.o
 .debug_line    0x000026f7      0x2b1 build/pic32mx460_pim_e16_int_dyn/debug/_ext/1196730619/system_tasks.o
 .debug_line    0x000029a8      0x43b build/pic32mx460_pim_e16_int_dyn/debug/_ext/1360937237/app.o
 .debug_line    0x00002de3       0xd0 build/pic32mx460_pim_e16_int_dyn/debug/_ext/1360937237/main.o
 .debug_line    0x00002eb3      0x711 build/pic32mx460_pim_e16_int_dyn/debug/_ext/1585079243/drv_usbfs.o
 .debug_line    0x000035c4      0xdb7 build/pic32mx460_pim_e16_int_dyn/debug/_ext/1585079243/drv_usbfs_device.o
 .debug_line    0x0000437b      0x2e3 build/pic32mx460_pim_e16_int_dyn/debug/_ext/711155467/sys_int_pic32.o
 .debug_line    0x0000465e      0x9e7 build/pic32mx460_pim_e16_int_dyn/debug/_ext/692885480/usb_device.o
 .debug_line    0x00005045      0x64a build/pic32mx460_pim_e16_int_dyn/debug/_ext/692885480/usb_device_cdc.o
 .debug_line    0x0000568f      0x251 build/pic32mx460_pim_e16_int_dyn/debug/_ext/692885480/usb_device_cdc_acm.o
 .debug_line    0x000058e0      0x152 C:\Users\DIESAV~1\AppData\Local\Temp\ccwmYEYm.o
 .debug_line    0x00005a32       0xa6 c:/program files/microchip/xc32/v2.50/bin/bin/../../lib/gcc/pic32mx/4.8.3/../../../../pic32mx/lib\libpic32.a(default-bootstrap-exception-handler.o)
 .debug_line    0x00005ad8       0x93 c:/program files/microchip/xc32/v2.50/bin/bin/../../lib/gcc/pic32mx/4.8.3/../../../../pic32mx/lib\libpic32.a(default-on-reset.o)
 .debug_line    0x00005b6b       0x97 c:/program files/microchip/xc32/v2.50/bin/bin/../../lib/gcc/pic32mx/4.8.3/../../../../pic32mx/lib\libpic32.a(default-on-bootstrap.o)
 .debug_line    0x00005c02       0xa5 c:/program files/microchip/xc32/v2.50/bin/bin/../../lib/gcc/pic32mx/4.8.3/../../../../pic32mx/lib\libpic32.a(defaultinterrupt.o)

.debug_frame    0x00000000     0x120c
 *(.debug_frame)
 .debug_frame   0x00000000       0x20 c:/program files/microchip/xc32/v2.50/bin/bin/../../lib/gcc/pic32mx/4.8.3/../../../../pic32mx/lib\software-debug-break.o
 .debug_frame   0x00000020       0xcc build/pic32mx460_pim_e16_int_dyn/debug/_ext/894922965/bsp.o
 .debug_frame   0x000000ec       0xa4 build/pic32mx460_pim_e16_int_dyn/debug/_ext/757127772/sys_clk_pic32mx.o
 .debug_frame   0x00000190       0xf4 build/pic32mx460_pim_e16_int_dyn/debug/_ext/1227067107/sys_devcon.o
 .debug_frame   0x00000284       0x2c build/pic32mx460_pim_e16_int_dyn/debug/_ext/1227067107/sys_devcon_pic32mx.o
 .debug_frame   0x000002b0      0x270 build/pic32mx460_pim_e16_int_dyn/debug/_ext/257733644/sys_ports_static.o
 .debug_frame   0x00000520       0x2c build/pic32mx460_pim_e16_int_dyn/debug/_ext/1196730619/system_init.o
 .debug_frame   0x0000054c       0x68 build/pic32mx460_pim_e16_int_dyn/debug/_ext/1196730619/system_interrupt.o
 .debug_frame   0x000005b4       0x28 build/pic32mx460_pim_e16_int_dyn/debug/_ext/1196730619/system_exceptions.o
 .debug_frame   0x000005dc       0x2c build/pic32mx460_pim_e16_int_dyn/debug/_ext/1196730619/system_tasks.o
 .debug_frame   0x00000608       0xa8 build/pic32mx460_pim_e16_int_dyn/debug/_ext/1360937237/app.o
 .debug_frame   0x000006b0       0x28 build/pic32mx460_pim_e16_int_dyn/debug/_ext/1360937237/main.o
 .debug_frame   0x000006d8       0xcc build/pic32mx460_pim_e16_int_dyn/debug/_ext/1585079243/drv_usbfs.o
 .debug_frame   0x000007a4      0x208 build/pic32mx460_pim_e16_int_dyn/debug/_ext/1585079243/drv_usbfs_device.o
 .debug_frame   0x000009ac       0xa0 build/pic32mx460_pim_e16_int_dyn/debug/_ext/711155467/sys_int_pic32.o
 .debug_frame   0x00000a4c      0x568 build/pic32mx460_pim_e16_int_dyn/debug/_ext/692885480/usb_device.o
 .debug_frame   0x00000fb4      0x1a0 build/pic32mx460_pim_e16_int_dyn/debug/_ext/692885480/usb_device_cdc.o
 .debug_frame   0x00001154       0x2c build/pic32mx460_pim_e16_int_dyn/debug/_ext/692885480/usb_device_cdc_acm.o
 .debug_frame   0x00001180       0x2c c:/program files/microchip/xc32/v2.50/bin/bin/../../lib/gcc/pic32mx/4.8.3/../../../../pic32mx/lib\libpic32.a(default-bootstrap-exception-handler.o)
 .debug_frame   0x000011ac       0x20 c:/program files/microchip/xc32/v2.50/bin/bin/../../lib/gcc/pic32mx/4.8.3/../../../../pic32mx/lib\libpic32.a(default-on-reset.o)
 .debug_frame   0x000011cc       0x20 c:/program files/microchip/xc32/v2.50/bin/bin/../../lib/gcc/pic32mx/4.8.3/../../../../pic32mx/lib\libpic32.a(default-on-bootstrap.o)
 .debug_frame   0x000011ec       0x20 c:/program files/microchip/xc32/v2.50/bin/bin/../../lib/gcc/pic32mx/4.8.3/../../../../pic32mx/lib\libpic32.a(defaultinterrupt.o)

.debug_str      0x00000000      0x82f
 *(.debug_str)
 .debug_str     0x00000000        0x0 c:/program files/microchip/xc32/v2.50/bin/bin/../../lib/gcc/pic32mx/4.8.3/../../../../pic32mx/lib\software-debug-break.o
 .debug_str     0x00000000       0x15 build/pic32mx460_pim_e16_int_dyn/debug/_ext/894922965/bsp.o
 .debug_str     0x00000015       0x39 build/pic32mx460_pim_e16_int_dyn/debug/_ext/757127772/sys_clk_pic32mx.o
 .debug_str     0x0000004e       0x16 build/pic32mx460_pim_e16_int_dyn/debug/_ext/1227067107/sys_devcon.o
 .debug_str     0x00000064        0x6 build/pic32mx460_pim_e16_int_dyn/debug/_ext/1227067107/sys_devcon_pic32mx.o
 .debug_str     0x0000006a       0x55 build/pic32mx460_pim_e16_int_dyn/debug/_ext/257733644/sys_ports_static.o
 .debug_str     0x000000bf      0x119 build/pic32mx460_pim_e16_int_dyn/debug/_ext/1196730619/system_init.o
 .debug_str     0x000001d8        0x0 build/pic32mx460_pim_e16_int_dyn/debug/_ext/1196730619/system_interrupt.o
 .debug_str     0x000001d8        0x0 build/pic32mx460_pim_e16_int_dyn/debug/_ext/1196730619/system_exceptions.o
 .debug_str     0x000001d8        0x0 build/pic32mx460_pim_e16_int_dyn/debug/_ext/1196730619/system_tasks.o
 .debug_str     0x000001d8       0x20 build/pic32mx460_pim_e16_int_dyn/debug/_ext/1360937237/app.o
 .debug_str     0x000001f8        0x0 build/pic32mx460_pim_e16_int_dyn/debug/_ext/1360937237/main.o
 .debug_str     0x000001f8       0xa2 build/pic32mx460_pim_e16_int_dyn/debug/_ext/1585079243/drv_usbfs.o
 .debug_str     0x0000029a      0x173 build/pic32mx460_pim_e16_int_dyn/debug/_ext/1585079243/drv_usbfs_device.o
 .debug_str     0x0000040d       0x1d build/pic32mx460_pim_e16_int_dyn/debug/_ext/711155467/sys_int_pic32.o
 .debug_str     0x0000042a      0x2d7 build/pic32mx460_pim_e16_int_dyn/debug/_ext/692885480/usb_device.o
 .debug_str     0x00000701      0x120 build/pic32mx460_pim_e16_int_dyn/debug/_ext/692885480/usb_device_cdc.o
 .debug_str     0x00000821        0xe build/pic32mx460_pim_e16_int_dyn/debug/_ext/692885480/usb_device_cdc_acm.o
 .debug_str     0x0000082f        0x0 c:/program files/microchip/xc32/v2.50/bin/bin/../../lib/gcc/pic32mx/4.8.3/../../../../pic32mx/lib\libpic32.a(default-bootstrap-exception-handler.o)
 .debug_str     0x0000082f        0x0 c:/program files/microchip/xc32/v2.50/bin/bin/../../lib/gcc/pic32mx/4.8.3/../../../../pic32mx/lib\libpic32.a(default-on-reset.o)
 .debug_str     0x0000082f        0x0 c:/program files/microchip/xc32/v2.50/bin/bin/../../lib/gcc/pic32mx/4.8.3/../../../../pic32mx/lib\libpic32.a(default-on-bootstrap.o)
 .debug_str     0x0000082f        0x0 c:/program files/microchip/xc32/v2.50/bin/bin/../../lib/gcc/pic32mx/4.8.3/../../../../pic32mx/lib\libpic32.a(defaultinterrupt.o)

.debug_loc      0x00000000     0x76ba
 *(.debug_loc)
 .debug_loc     0x00000000      0x40f build/pic32mx460_pim_e16_int_dyn/debug/_ext/894922965/bsp.o
 .debug_loc     0x0000040f       0xcd build/pic32mx460_pim_e16_int_dyn/debug/_ext/757127772/sys_clk_pic32mx.o
 .debug_loc     0x000004dc      0x174 build/pic32mx460_pim_e16_int_dyn/debug/_ext/1227067107/sys_devcon.o
 .debug_loc     0x00000650      0x106 build/pic32mx460_pim_e16_int_dyn/debug/_ext/1227067107/sys_devcon_pic32mx.o
 .debug_loc     0x00000756      0x74e build/pic32mx460_pim_e16_int_dyn/debug/_ext/257733644/sys_ports_static.o
 .debug_loc     0x00000ea4       0x4d build/pic32mx460_pim_e16_int_dyn/debug/_ext/1196730619/system_init.o
 .debug_loc     0x00000ef1       0x2d build/pic32mx460_pim_e16_int_dyn/debug/_ext/1196730619/system_interrupt.o
 .debug_loc     0x00000f1e       0x20 build/pic32mx460_pim_e16_int_dyn/debug/_ext/1196730619/system_exceptions.o
 .debug_loc     0x00000f3e       0x2c build/pic32mx460_pim_e16_int_dyn/debug/_ext/1196730619/system_tasks.o
 .debug_loc     0x00000f6a      0x513 build/pic32mx460_pim_e16_int_dyn/debug/_ext/1360937237/app.o
 .debug_loc     0x0000147d       0x20 build/pic32mx460_pim_e16_int_dyn/debug/_ext/1360937237/main.o
 .debug_loc     0x0000149d      0x53c build/pic32mx460_pim_e16_int_dyn/debug/_ext/1585079243/drv_usbfs.o
 .debug_loc     0x000019d9     0x2436 build/pic32mx460_pim_e16_int_dyn/debug/_ext/1585079243/drv_usbfs_device.o
 .debug_loc     0x00003e0f      0x12c build/pic32mx460_pim_e16_int_dyn/debug/_ext/711155467/sys_int_pic32.o
 .debug_loc     0x00003f3b     0x25ac build/pic32mx460_pim_e16_int_dyn/debug/_ext/692885480/usb_device.o
 .debug_loc     0x000064e7      0xf7c build/pic32mx460_pim_e16_int_dyn/debug/_ext/692885480/usb_device_cdc.o
 .debug_loc     0x00007463      0x22b build/pic32mx460_pim_e16_int_dyn/debug/_ext/692885480/usb_device_cdc_acm.o
 .debug_loc     0x0000768e       0x2c c:/program files/microchip/xc32/v2.50/bin/bin/../../lib/gcc/pic32mx/4.8.3/../../../../pic32mx/lib\libpic32.a(default-bootstrap-exception-handler.o)

.debug_macinfo
 *(.debug_macinfo)

.debug_weaknames
 *(.debug_weaknames)

.debug_funcnames
 *(.debug_funcnames)

.debug_typenames
 *(.debug_typenames)

.debug_varnames
 *(.debug_varnames)

.debug_pubtypes
 *(.debug_pubtypes)

.debug_ranges   0x00000000      0x810
 *(.debug_ranges)
 .debug_ranges  0x00000000       0x10 c:/program files/microchip/xc32/v2.50/bin/bin/../../lib/gcc/pic32mx/4.8.3/../../../../pic32mx/lib\software-debug-break.o
 .debug_ranges  0x00000010      0x108 build/pic32mx460_pim_e16_int_dyn/debug/_ext/894922965/bsp.o
 .debug_ranges  0x00000118       0x40 build/pic32mx460_pim_e16_int_dyn/debug/_ext/757127772/sys_clk_pic32mx.o
 .debug_ranges  0x00000158       0x68 build/pic32mx460_pim_e16_int_dyn/debug/_ext/1227067107/sys_devcon.o
 .debug_ranges  0x000001c0       0x10 build/pic32mx460_pim_e16_int_dyn/debug/_ext/1227067107/sys_devcon_pic32mx.o
 .debug_ranges  0x000001d0      0x138 build/pic32mx460_pim_e16_int_dyn/debug/_ext/257733644/sys_ports_static.o
 .debug_ranges  0x00000308       0x10 build/pic32mx460_pim_e16_int_dyn/debug/_ext/1196730619/system_init.o
 .debug_ranges  0x00000318       0x10 build/pic32mx460_pim_e16_int_dyn/debug/_ext/1196730619/system_interrupt.o
 .debug_ranges  0x00000328       0x10 build/pic32mx460_pim_e16_int_dyn/debug/_ext/1196730619/system_exceptions.o
 .debug_ranges  0x00000338       0x10 build/pic32mx460_pim_e16_int_dyn/debug/_ext/1196730619/system_tasks.o
 .debug_ranges  0x00000348       0x38 build/pic32mx460_pim_e16_int_dyn/debug/_ext/1360937237/app.o
 .debug_ranges  0x00000380       0x10 build/pic32mx460_pim_e16_int_dyn/debug/_ext/1360937237/main.o
 .debug_ranges  0x00000390       0x50 build/pic32mx460_pim_e16_int_dyn/debug/_ext/1585079243/drv_usbfs.o
 .debug_ranges  0x000003e0      0x150 build/pic32mx460_pim_e16_int_dyn/debug/_ext/1585079243/drv_usbfs_device.o
 .debug_ranges  0x00000530       0x50 build/pic32mx460_pim_e16_int_dyn/debug/_ext/711155467/sys_int_pic32.o
 .debug_ranges  0x00000580      0x190 build/pic32mx460_pim_e16_int_dyn/debug/_ext/692885480/usb_device.o
 .debug_ranges  0x00000710       0x78 build/pic32mx460_pim_e16_int_dyn/debug/_ext/692885480/usb_device_cdc.o
 .debug_ranges  0x00000788       0x10 build/pic32mx460_pim_e16_int_dyn/debug/_ext/692885480/usb_device_cdc_acm.o
 .debug_ranges  0x00000798       0x38 C:\Users\DIESAV~1\AppData\Local\Temp\ccwmYEYm.o
 .debug_ranges  0x000007d0       0x10 c:/program files/microchip/xc32/v2.50/bin/bin/../../lib/gcc/pic32mx/4.8.3/../../../../pic32mx/lib\libpic32.a(default-bootstrap-exception-handler.o)
 .debug_ranges  0x000007e0       0x10 c:/program files/microchip/xc32/v2.50/bin/bin/../../lib/gcc/pic32mx/4.8.3/../../../../pic32mx/lib\libpic32.a(default-on-reset.o)
 .debug_ranges  0x000007f0       0x10 c:/program files/microchip/xc32/v2.50/bin/bin/../../lib/gcc/pic32mx/4.8.3/../../../../pic32mx/lib\libpic32.a(default-on-bootstrap.o)
 .debug_ranges  0x00000800       0x10 c:/program files/microchip/xc32/v2.50/bin/bin/../../lib/gcc/pic32mx/4.8.3/../../../../pic32mx/lib\libpic32.a(defaultinterrupt.o)

.gnu.attributes
                0x00000000       0x10
 *(.gnu.attributes)
 .gnu.attributes
                0x00000000       0x10 c:/program files/microchip/xc32/v2.50/bin/bin/../../lib/gcc/pic32mx/4.8.3/../../../../pic32mx/lib\software-debug-break.o
 .gnu.attributes
                0x00000010       0x10 build/pic32mx460_pim_e16_int_dyn/debug/_ext/894922965/bsp.o
 .gnu.attributes
                0x00000020       0x10 build/pic32mx460_pim_e16_int_dyn/debug/_ext/757127772/sys_clk_pic32mx.o
 .gnu.attributes
                0x00000030       0x10 build/pic32mx460_pim_e16_int_dyn/debug/_ext/1227067107/sys_devcon.o
 .gnu.attributes
                0x00000040       0x10 build/pic32mx460_pim_e16_int_dyn/debug/_ext/1227067107/sys_devcon_pic32mx.o
 .gnu.attributes
                0x00000050       0x10 build/pic32mx460_pim_e16_int_dyn/debug/_ext/257733644/sys_ports_static.o
 .gnu.attributes
                0x00000060       0x10 build/pic32mx460_pim_e16_int_dyn/debug/_ext/1196730619/system_init.o
 .gnu.attributes
                0x00000070       0x10 build/pic32mx460_pim_e16_int_dyn/debug/_ext/1196730619/system_interrupt.o
 .gnu.attributes
                0x00000080       0x10 build/pic32mx460_pim_e16_int_dyn/debug/_ext/1196730619/system_exceptions.o
 .gnu.attributes
                0x00000090       0x10 build/pic32mx460_pim_e16_int_dyn/debug/_ext/1196730619/system_tasks.o
 .gnu.attributes
                0x000000a0       0x10 build/pic32mx460_pim_e16_int_dyn/debug/_ext/1360937237/app.o
 .gnu.attributes
                0x000000b0       0x10 build/pic32mx460_pim_e16_int_dyn/debug/_ext/1360937237/main.o
 .gnu.attributes
                0x000000c0       0x10 build/pic32mx460_pim_e16_int_dyn/debug/_ext/1585079243/drv_usbfs.o
 .gnu.attributes
                0x000000d0       0x10 build/pic32mx460_pim_e16_int_dyn/debug/_ext/1585079243/drv_usbfs_device.o
 .gnu.attributes
                0x000000e0       0x10 build/pic32mx460_pim_e16_int_dyn/debug/_ext/711155467/sys_int_pic32.o
 .gnu.attributes
                0x000000f0       0x10 build/pic32mx460_pim_e16_int_dyn/debug/_ext/692885480/usb_device.o
 .gnu.attributes
                0x00000100       0x10 build/pic32mx460_pim_e16_int_dyn/debug/_ext/692885480/usb_device_cdc.o
 .gnu.attributes
                0x00000110       0x10 build/pic32mx460_pim_e16_int_dyn/debug/_ext/692885480/usb_device_cdc_acm.o
 .gnu.attributes
                0x00000120       0x10 c:/program files/microchip/xc32/v2.50/bin/bin/../../lib/gcc/pic32mx/4.8.3/../../../../pic32mx/lib\libpic32.a(default-bootstrap-exception-handler.o)
 .gnu.attributes
                0x00000130       0x10 c:/program files/microchip/xc32/v2.50/bin/bin/../../lib/gcc/pic32mx/4.8.3/../../../../pic32mx/lib\libpic32.a(default-on-reset.o)
 .gnu.attributes
                0x00000140       0x10 c:/program files/microchip/xc32/v2.50/bin/bin/../../lib/gcc/pic32mx/4.8.3/../../../../pic32mx/lib\libpic32.a(default-on-bootstrap.o)
 .gnu.attributes
                0x00000150       0x10 c:/program files/microchip/xc32/v2.50/bin/bin/../../lib/gcc/pic32mx/4.8.3/../../../../pic32mx/lib\libpic32.a(defaultinterrupt.o)
LOAD c:/program files/microchip/xc32/v2.50/bin/bin/../../lib/gcc/pic32mx/4.8.3\libgcc.a
START GROUP
LOAD c:/program files/microchip/xc32/v2.50/bin/bin/../../lib/gcc/pic32mx/4.8.3/../../../../pic32mx/lib\libpic32.a
LOAD c:/program files/microchip/xc32/v2.50/bin/bin/../../lib/gcc/pic32mx/4.8.3/../../../../pic32mx/lib\libdebug.a
LOAD c:/program files/microchip/xc32/v2.50/bin/bin/../../lib/gcc/pic32mx/4.8.3/../../../../pic32mx/lib\libpic32.a
LOAD c:/program files/microchip/xc32/v2.50/bin/bin/../../lib/gcc/pic32mx/4.8.3/../../../../pic32mx/lib\libc.a
LOAD c:/program files/microchip/xc32/v2.50/bin/bin/../../lib/gcc/pic32mx/4.8.3/../../../../pic32mx/lib\libc.a
LOAD c:/program files/microchip/xc32/v2.50/bin/bin/../../lib/gcc/pic32mx/4.8.3/../../../../pic32mx/lib\libm.a
LOAD c:/program files/microchip/xc32/v2.50/bin/bin/../../lib/gcc/pic32mx/4.8.3/../../../../pic32mx/lib\libe.a
LOAD c:/program files/microchip/xc32/v2.50/bin/bin/../../lib/gcc/pic32mx/4.8.3/../../../../pic32mx/lib\libdsp.a
LOAD c:/program files/microchip/xc32/v2.50/bin/bin/../../lib/gcc/pic32mx/4.8.3\libgcc.a
LOAD c:/program files/microchip/xc32/v2.50/bin/bin/../../lib/gcc/pic32mx/4.8.3/../../../../pic32mx/lib\libpic32.a
END GROUP
LOAD c:/program files/microchip/xc32/v2.50/bin/bin/../../lib/gcc/pic32mx/4.8.3\libgcc.a
OUTPUT(dist/pic32mx460_pim_e16_int_dyn/debug/cdc_com_port_single.X.debug.elf elf32-tradlittlemips)
LOAD stack
LOAD data_init

.reginfo        0x00000000       0x18
 .reginfo       0x00000000       0x18 c:/program files/microchip/xc32/v2.50/bin/bin/../../lib/gcc/pic32mx/4.8.3/../../../../pic32mx/lib\software-debug-break.o

.stack          0xa0000668      0x400
 .stack         0xa0000668      0x400 stack

.bss            0xa0000220       0xbc
 .bss           0xa0000220       0xbc build/pic32mx460_pim_e16_int_dyn/debug/_ext/692885480/usb_device.o

.data           0xa00002dc       0x50
 .data          0xa00002dc       0x50 build/pic32mx460_pim_e16_int_dyn/debug/_ext/1585079243/drv_usbfs_device.o
                0xa00002dc                gDrvUSBFSDeviceInterface

.text._DRV_USBFS_DEVICE_Tasks_ISR
                0x9d000000      0x680
 .text._DRV_USBFS_DEVICE_Tasks_ISR
                0x9d000000      0x680 build/pic32mx460_pim_e16_int_dyn/debug/_ext/1585079243/drv_usbfs_device.o
                0x9d000000                _DRV_USBFS_DEVICE_Tasks_ISR

.text.APP_Tasks
                0x9d000680      0x2a0
 .text.APP_Tasks
                0x9d000680      0x2a0 build/pic32mx460_pim_e16_int_dyn/debug/_ext/1360937237/app.o
                0x9d000680                APP_Tasks

.text.DRV_USBFS_DEVICE_IRPSubmit
                0x9d000920      0x22c
 .text.DRV_USBFS_DEVICE_IRPSubmit
                0x9d000920      0x22c build/pic32mx460_pim_e16_int_dyn/debug/_ext/1585079243/drv_usbfs_device.o
                0x9d000920                DRV_USBFS_DEVICE_IRPSubmit

.text._USB_DEVICE_EventHandler
                0x9d000b4c      0x218
 .text._USB_DEVICE_EventHandler
                0x9d000b4c      0x218 build/pic32mx460_pim_e16_int_dyn/debug/_ext/692885480/usb_device.o
                0x9d000b4c                _USB_DEVICE_EventHandler

.text._USB_DEVICE_ProcessStandardDeviceSetRequests
                0x9d000d64      0x214
 .text._USB_DEVICE_ProcessStandardDeviceSetRequests
                0x9d000d64      0x214 build/pic32mx460_pim_e16_int_dyn/debug/_ext/692885480/usb_device.o
                0x9d000d64                _USB_DEVICE_ProcessStandardDeviceSetRequests

.text._USB_DEVICE_ProcessStandardDeviceGetRequests
                0x9d000f78      0x20c
 .text._USB_DEVICE_ProcessStandardDeviceGetRequests
                0x9d000f78      0x20c build/pic32mx460_pim_e16_int_dyn/debug/_ext/692885480/usb_device.o
                0x9d000f78                _USB_DEVICE_ProcessStandardDeviceGetRequests

.text._USB_DEVICE_ControlTransferHandler
                0x9d001184      0x1fc
 .text._USB_DEVICE_ControlTransferHandler
                0x9d001184      0x1fc build/pic32mx460_pim_e16_int_dyn/debug/_ext/692885480/usb_device.o
                0x9d001184                _USB_DEVICE_ControlTransferHandler

.text.USB_DEVICE_CDC_Write
                0x9d001380      0x1cc
 .text.USB_DEVICE_CDC_Write
                0x9d001380      0x1cc build/pic32mx460_pim_e16_int_dyn/debug/_ext/692885480/usb_device_cdc.o
                0x9d001380                USB_DEVICE_CDC_Write

.text.DRV_USBFS_DEVICE_EndpointStallClear
                0x9d00154c      0x1c8
 .text.DRV_USBFS_DEVICE_EndpointStallClear
                0x9d00154c      0x1c8 build/pic32mx460_pim_e16_int_dyn/debug/_ext/1585079243/drv_usbfs_device.o
                0x9d00154c                DRV_USBFS_DEVICE_EndpointStallClear

.text.DRV_USBFS_DEVICE_EndpointStall
                0x9d001714      0x1b8
 .text.DRV_USBFS_DEVICE_EndpointStall
                0x9d001714      0x1b8 build/pic32mx460_pim_e16_int_dyn/debug/_ext/1585079243/drv_usbfs_device.o
                0x9d001714                DRV_USBFS_DEVICE_EndpointStall

.text.USB_DEVICE_CDC_Read
                0x9d0018cc      0x1ac
 .text.USB_DEVICE_CDC_Read
                0x9d0018cc      0x1ac build/pic32mx460_pim_e16_int_dyn/debug/_ext/692885480/usb_device_cdc.o
                0x9d0018cc                USB_DEVICE_CDC_Read

.text.DRV_USBFS_DEVICE_EndpointEnable
                0x9d001a78      0x198
 .text.DRV_USBFS_DEVICE_EndpointEnable
                0x9d001a78      0x198 build/pic32mx460_pim_e16_int_dyn/debug/_ext/1585079243/drv_usbfs_device.o
                0x9d001a78                DRV_USBFS_DEVICE_EndpointEnable

.text._USB_DEVICE_Ep0ReceiveCompleteCallback
                0x9d001c10      0x184
 .text._USB_DEVICE_Ep0ReceiveCompleteCallback
                0x9d001c10      0x184 build/pic32mx460_pim_e16_int_dyn/debug/_ext/692885480/usb_device.o
                0x9d001c10                _USB_DEVICE_Ep0ReceiveCompleteCallback

.rodata         0x9d001d94      0x17c
 .rodata        0x9d001d94      0x17c build/pic32mx460_pim_e16_int_dyn/debug/_ext/1196730619/system_init.o
                0x9d001d94                usbDevInitData
                0x9d001dc8                usbMasterDescriptor
                0x9d001df4                stringDescriptors
                0x9d001e00                sd002
                0x9d001e30                sd001
                0x9d001e64                sd000
                0x9d001e68                fullSpeedConfigDescSet
                0x9d001e6c                fullSpeedConfigurationDescriptor
                0x9d001eb0                deviceDescriptor
                0x9d001ec4                funcRegistrationTable
                0x9d001ed8                cdcInit0
                0x9d001ee4                drvUSBFSInit

.text._USB_DEVICE_CDC_ACMSetUpPacketHandler
                0x9d001f10      0x174
 .text._USB_DEVICE_CDC_ACMSetUpPacketHandler
                0x9d001f10      0x174 build/pic32mx460_pim_e16_int_dyn/debug/_ext/692885480/usb_device_cdc_acm.o
                0x9d001f10                _USB_DEVICE_CDC_ACMSetUpPacketHandler

.text.USB_DEVICE_Tasks
                0x9d002084      0x170
 .text.USB_DEVICE_Tasks
                0x9d002084      0x170 build/pic32mx460_pim_e16_int_dyn/debug/_ext/692885480/usb_device.o
                0x9d002084                USB_DEVICE_Tasks

.text           0x9d0021f4      0x168
 .text          0x9d0021f4      0x168 c:/program files/microchip/xc32/v2.50/bin/bin/../../lib/gcc/pic32mx/4.8.3/../../../../pic32mx/lib\libpic32.a(memcpy.o)
                0x9d0021f4                memcpy

.text.USB_DEVICE_Initialize
                0x9d00235c      0x15c
 .text.USB_DEVICE_Initialize
                0x9d00235c      0x15c build/pic32mx460_pim_e16_int_dyn/debug/_ext/692885480/usb_device.o
                0x9d00235c                USB_DEVICE_Initialize

.text.DRV_USBFS_DEVICE_IRPCancelAll
                0x9d0024b8      0x158
 .text.DRV_USBFS_DEVICE_IRPCancelAll
                0x9d0024b8      0x158 build/pic32mx460_pim_e16_int_dyn/debug/_ext/1585079243/drv_usbfs_device.o
                0x9d0024b8                DRV_USBFS_DEVICE_IRPCancelAll

.text._USB_DEVICE_CDC_Initialization
                0x9d002610      0x14c
 .text._USB_DEVICE_CDC_Initialization
                0x9d002610      0x14c build/pic32mx460_pim_e16_int_dyn/debug/_ext/692885480/usb_device_cdc.o
                0x9d002610                _USB_DEVICE_CDC_Initialization

.text.DRV_USBFS_DEVICE_EndpointDisable
                0x9d00275c      0x140
 .text.DRV_USBFS_DEVICE_EndpointDisable
                0x9d00275c      0x140 build/pic32mx460_pim_e16_int_dyn/debug/_ext/1585079243/drv_usbfs_device.o
                0x9d00275c                DRV_USBFS_DEVICE_EndpointDisable

.text._IntHandlerUSBInstance0
                0x9d00289c      0x130
 .text._IntHandlerUSBInstance0
                0x9d00289c      0x130 build/pic32mx460_pim_e16_int_dyn/debug/_ext/1196730619/system_interrupt.o
                0x9d00289c                _IntHandlerUSBInstance0

.text.APP_USBDeviceEventHandler
                0x9d0029cc      0x130
 .text.APP_USBDeviceEventHandler
                0x9d0029cc      0x130 build/pic32mx460_pim_e16_int_dyn/debug/_ext/1360937237/app.o
                0x9d0029cc                APP_USBDeviceEventHandler

.text.DRV_USBFS_DEVICE_IRPCancel
                0x9d002afc      0x130
 .text.DRV_USBFS_DEVICE_IRPCancel
                0x9d002afc      0x130 build/pic32mx460_pim_e16_int_dyn/debug/_ext/1585079243/drv_usbfs_device.o
                0x9d002afc                DRV_USBFS_DEVICE_IRPCancel

.rodata         0x9d002c2c      0x128
 .rodata        0x9d002c2c      0x128 build/pic32mx460_pim_e16_int_dyn/debug/_ext/1196730619/system_exceptions.o

.text.DRV_USBFS_Initialize
                0x9d002d54      0x11c
 .text.DRV_USBFS_Initialize
                0x9d002d54      0x11c build/pic32mx460_pim_e16_int_dyn/debug/_ext/1585079243/drv_usbfs.o
                0x9d002d54                DRV_USBFS_Initialize

.text.APP_USBDeviceCDCEventHandler
                0x9d002e70      0x10c
 .text.APP_USBDeviceCDCEventHandler
                0x9d002e70      0x10c build/pic32mx460_pim_e16_int_dyn/debug/_ext/1360937237/app.o
                0x9d002e70                APP_USBDeviceCDCEventHandler

.text._USB_DEVICE_ConfigureDevice
                0x9d002f7c      0x100
 .text._USB_DEVICE_ConfigureDevice
                0x9d002f7c      0x100 build/pic32mx460_pim_e16_int_dyn/debug/_ext/692885480/usb_device.o
                0x9d002f7c                _USB_DEVICE_ConfigureDevice

.text._USB_DEVICE_ProcessStandardEndpointRequest
                0x9d00307c      0x100
 .text._USB_DEVICE_ProcessStandardEndpointRequest
                0x9d00307c      0x100 build/pic32mx460_pim_e16_int_dyn/debug/_ext/692885480/usb_device.o
                0x9d00307c                _USB_DEVICE_ProcessStandardEndpointRequest

.text.APP_ProcessSwitchPress
                0x9d00317c       0xf8
 .text.APP_ProcessSwitchPress
                0x9d00317c       0xf8 build/pic32mx460_pim_e16_int_dyn/debug/_ext/1360937237/app.o
                0x9d00317c                APP_ProcessSwitchPress

.text._USB_DEVICE_CDC_ControlTransferHandler
                0x9d003274       0xf8
 .text._USB_DEVICE_CDC_ControlTransferHandler
                0x9d003274       0xf8 build/pic32mx460_pim_e16_int_dyn/debug/_ext/692885480/usb_device_cdc.o
                0x9d003274                _USB_DEVICE_CDC_ControlTransferHandler

.text.SYS_DEVCON_PerformanceConfig
                0x9d00336c       0xe0
 .text.SYS_DEVCON_PerformanceConfig
                0x9d00336c       0xe0 build/pic32mx460_pim_e16_int_dyn/debug/_ext/1227067107/sys_devcon_pic32mx.o
                0x9d00336c                SYS_DEVCON_PerformanceConfig

.text.general_exception
                0x9d00344c       0xdc
 .text.general_exception
                0x9d00344c       0xdc c:/program files/microchip/xc32/v2.50/bin/bin/../../lib/gcc/pic32mx/4.8.3/../../../../pic32mx/lib\libpic32.a(general-exception.o)
                0x9d00344c                _general_exception_context

.text._DRV_USBFS_DEVICE_EndpointBDTEntryArm
                0x9d003528       0xd8
 .text._DRV_USBFS_DEVICE_EndpointBDTEntryArm
                0x9d003528       0xd8 build/pic32mx460_pim_e16_int_dyn/debug/_ext/1585079243/drv_usbfs_device.o
                0x9d003528                _DRV_USBFS_DEVICE_EndpointBDTEntryArm

.text._USB_DEVICE_GetStringDescriptorRequestProcess
                0x9d003600       0xd4
 .text._USB_DEVICE_GetStringDescriptorRequestProcess
                0x9d003600       0xd4 build/pic32mx460_pim_e16_int_dyn/debug/_ext/692885480/usb_device.o
                0x9d003600                _USB_DEVICE_GetStringDescriptorRequestProcess

.text.SYS_Initialize
                0x9d0036d4       0xcc
 .text.SYS_Initialize
                0x9d0036d4       0xcc build/pic32mx460_pim_e16_int_dyn/debug/_ext/1196730619/system_init.o
                0x9d0036d4                SYS_Initialize

.text.BSP_LEDOn
                0x9d0037a0       0xc0
 .text.BSP_LEDOn
                0x9d0037a0       0xc0 build/pic32mx460_pim_e16_int_dyn/debug/_ext/894922965/bsp.o
                0x9d0037a0                BSP_LEDOn

.text.BSP_LEDOff
                0x9d003860       0xc0
 .text.BSP_LEDOff
                0x9d003860       0xc0 build/pic32mx460_pim_e16_int_dyn/debug/_ext/894922965/bsp.o
                0x9d003860                BSP_LEDOff

.text._USB_DEVICE_Ep0TransmitCompleteCallback
                0x9d003920       0xc0
 .text._USB_DEVICE_Ep0TransmitCompleteCallback
                0x9d003920       0xc0 build/pic32mx460_pim_e16_int_dyn/debug/_ext/692885480/usb_device.o
                0x9d003920                _USB_DEVICE_Ep0TransmitCompleteCallback

.text.SYS_PORTS_Initialize
                0x9d0039e0       0xb0
 .text.SYS_PORTS_Initialize
                0x9d0039e0       0xb0 build/pic32mx460_pim_e16_int_dyn/debug/_ext/257733644/sys_ports_static.o
                0x9d0039e0                SYS_PORTS_Initialize

.dinit          0x9d003a90       0xb0
 .dinit         0x9d003a90       0xb0 data_init

.text._USB_DEVICE_DeInitializeAllFunctionDrivers
                0x9d003b40       0xa8
 .text._USB_DEVICE_DeInitializeAllFunctionDrivers
                0x9d003b40       0xa8 build/pic32mx460_pim_e16_int_dyn/debug/_ext/692885480/usb_device.o
                0x9d003b40                _USB_DEVICE_DeInitializeAllFunctionDrivers

.text._USB_DEVICE_CDC_ReadIRPCallback
                0x9d003be8       0xa0
 .text._USB_DEVICE_CDC_ReadIRPCallback
                0x9d003be8       0xa0 build/pic32mx460_pim_e16_int_dyn/debug/_ext/692885480/usb_device_cdc.o
                0x9d003be8                _USB_DEVICE_CDC_ReadIRPCallback

.text._USB_DEVICE_CDC_WriteIRPCallback
                0x9d003c88       0xa0
 .text._USB_DEVICE_CDC_WriteIRPCallback
                0x9d003c88       0xa0 build/pic32mx460_pim_e16_int_dyn/debug/_ext/692885480/usb_device_cdc.o
                0x9d003c88                _USB_DEVICE_CDC_WriteIRPCallback

.text._USB_DEVICE_ForwardControlXfrToFunction
                0x9d003d28       0x9c
 .text._USB_DEVICE_ForwardControlXfrToFunction
                0x9d003d28       0x9c build/pic32mx460_pim_e16_int_dyn/debug/_ext/692885480/usb_device.o
                0x9d003d28                _USB_DEVICE_ForwardControlXfrToFunction

.text.DRV_USBFS_Tasks_ISR
                0x9d003dc4       0x84
 .text.DRV_USBFS_Tasks_ISR
                0x9d003dc4       0x84 build/pic32mx460_pim_e16_int_dyn/debug/_ext/1585079243/drv_usbfs.o
                0x9d003dc4                DRV_USBFS_Tasks_ISR

.text._USB_DEVICE_GetFunctionDriverEntryByInterface
                0x9d003e48       0x84
 .text._USB_DEVICE_GetFunctionDriverEntryByInterface
                0x9d003e48       0x84 build/pic32mx460_pim_e16_int_dyn/debug/_ext/692885480/usb_device.o
                0x9d003e48                _USB_DEVICE_GetFunctionDriverEntryByInterface

.text._USB_DEVICE_FindEndpoint
                0x9d003ecc       0x84
 .text._USB_DEVICE_FindEndpoint
                0x9d003ecc       0x84 build/pic32mx460_pim_e16_int_dyn/debug/_ext/692885480/usb_device.o
                0x9d003ecc                _USB_DEVICE_FindEndpoint

.text.USB_DEVICE_ControlSend
                0x9d003f50       0x84
 .text.USB_DEVICE_ControlSend
                0x9d003f50       0x84 build/pic32mx460_pim_e16_int_dyn/debug/_ext/692885480/usb_device.o
                0x9d003f50                USB_DEVICE_ControlSend

.text           0x9d003fd4       0x84
 .text          0x9d003fd4       0x84 c:/program files/microchip/xc32/v2.50/bin/bin/../../lib/gcc/pic32mx/4.8.3/../../../../pic32mx/lib\libpic32.a(pic32_data_init.o)
                0x9d003fd4                __pic32_data_init

.text.USB_DEVICE_ControlStatus
                0x9d004058       0x7c
 .text.USB_DEVICE_ControlStatus
                0x9d004058       0x7c build/pic32mx460_pim_e16_int_dyn/debug/_ext/692885480/usb_device.o
                0x9d004058                USB_DEVICE_ControlStatus

.rodata         0x9d0040d4       0x78
 .rodata        0x9d0040d4       0x78 build/pic32mx460_pim_e16_int_dyn/debug/_ext/894922965/bsp.o

.text.DRV_USBFS_DEVICE_Attach
                0x9d00414c       0x70
 .text.DRV_USBFS_DEVICE_Attach
                0x9d00414c       0x70 build/pic32mx460_pim_e16_int_dyn/debug/_ext/1585079243/drv_usbfs_device.o
                0x9d00414c                DRV_USBFS_DEVICE_Attach

.text.DRV_USBFS_ClientEventCallBackSet
                0x9d0041bc       0x6c
 .text.DRV_USBFS_ClientEventCallBackSet
                0x9d0041bc       0x6c build/pic32mx460_pim_e16_int_dyn/debug/_ext/1585079243/drv_usbfs.o
                0x9d0041bc                DRV_USBFS_ClientEventCallBackSet

.text._USB_DEVICE_CDC_Deinitialization
                0x9d004228       0x6c
 .text._USB_DEVICE_CDC_Deinitialization
                0x9d004228       0x6c build/pic32mx460_pim_e16_int_dyn/debug/_ext/692885480/usb_device_cdc.o
                0x9d004228                _USB_DEVICE_CDC_Deinitialization

.text._DRV_USBFS_DEVICE_IRPQueueFlush
                0x9d004294       0x68
 .text._DRV_USBFS_DEVICE_IRPQueueFlush
                0x9d004294       0x68 build/pic32mx460_pim_e16_int_dyn/debug/_ext/1585079243/drv_usbfs_device.o
                0x9d004294                _DRV_USBFS_DEVICE_IRPQueueFlush

.text.BSP_Initialize
                0x9d0042fc       0x60
 .text.BSP_Initialize
                0x9d0042fc       0x60 build/pic32mx460_pim_e16_int_dyn/debug/_ext/894922965/bsp.o
                0x9d0042fc                BSP_Initialize

.text.APP_Initialize
                0x9d00435c       0x60
 .text.APP_Initialize
                0x9d00435c       0x60 build/pic32mx460_pim_e16_int_dyn/debug/_ext/1360937237/app.o
                0x9d00435c                APP_Initialize

.text.USB_DEVICE_EndpointEnable
                0x9d0043bc       0x5c
 .text.USB_DEVICE_EndpointEnable
                0x9d0043bc       0x5c build/pic32mx460_pim_e16_int_dyn/debug/_ext/692885480/usb_device.o
                0x9d0043bc                USB_DEVICE_EndpointEnable

.text.SYS_DEVCON_SystemUnlock
                0x9d004418       0x58
 .text.SYS_DEVCON_SystemUnlock
                0x9d004418       0x58 build/pic32mx460_pim_e16_int_dyn/debug/_ext/1227067107/sys_devcon.o
                0x9d004418                SYS_DEVCON_SystemUnlock

.text.USB_DEVICE_EventHandlerSet
                0x9d004470       0x58
 .text.USB_DEVICE_EventHandlerSet
                0x9d004470       0x58 build/pic32mx460_pim_e16_int_dyn/debug/_ext/692885480/usb_device.o
                0x9d004470                USB_DEVICE_EventHandlerSet

.text.USB_DEVICE_IRPSubmit
                0x9d0044c8       0x58
 .text.USB_DEVICE_IRPSubmit
                0x9d0044c8       0x58 build/pic32mx460_pim_e16_int_dyn/debug/_ext/692885480/usb_device.o
                0x9d0044c8                USB_DEVICE_IRPSubmit

.text.SYS_INT_SourceDisable
                0x9d004520       0x54
 .text.SYS_INT_SourceDisable
                0x9d004520       0x54 build/pic32mx460_pim_e16_int_dyn/debug/_ext/711155467/sys_int_pic32.o
                0x9d004520                SYS_INT_SourceDisable

.text.main_entry
                0x9d004574       0x54
 .text.main_entry
                0x9d004574       0x54 C:\Users\DIESAV~1\AppData\Local\Temp\ccwmYEYm.o
                0x9d0045a8                __crt0_exit

.text.BSP_SwitchStateGet
                0x9d0045c8       0x50
 .text.BSP_SwitchStateGet
                0x9d0045c8       0x50 build/pic32mx460_pim_e16_int_dyn/debug/_ext/894922965/bsp.o
                0x9d0045c8                BSP_SwitchStateGet

.text.USB_DEVICE_Detach
                0x9d004618       0x50
 .text.USB_DEVICE_Detach
                0x9d004618       0x50 build/pic32mx460_pim_e16_int_dyn/debug/_ext/692885480/usb_device.o
                0x9d004618                USB_DEVICE_Detach

.text.DRV_USBFS_DEVICE_Detach
                0x9d004668       0x4c
 .text.DRV_USBFS_DEVICE_Detach
                0x9d004668       0x4c build/pic32mx460_pim_e16_int_dyn/debug/_ext/1585079243/drv_usbfs_device.o
                0x9d004668                DRV_USBFS_DEVICE_Detach

.text.DRV_USBFS_DEVICE_EndpointIsEnabled
                0x9d0046b4       0x4c
 .text.DRV_USBFS_DEVICE_EndpointIsEnabled
                0x9d0046b4       0x4c build/pic32mx460_pim_e16_int_dyn/debug/_ext/1585079243/drv_usbfs_device.o
                0x9d0046b4                DRV_USBFS_DEVICE_EndpointIsEnabled

.text.DRV_USBFS_DEVICE_EndpointIsStalled
                0x9d004700       0x4c
 .text.DRV_USBFS_DEVICE_EndpointIsStalled
                0x9d004700       0x4c build/pic32mx460_pim_e16_int_dyn/debug/_ext/1585079243/drv_usbfs_device.o
                0x9d004700                DRV_USBFS_DEVICE_EndpointIsStalled

.text.USB_DEVICE_Open
                0x9d00474c       0x4c
 .text.USB_DEVICE_Open
                0x9d00474c       0x4c build/pic32mx460_pim_e16_int_dyn/debug/_ext/692885480/usb_device.o
                0x9d00474c                USB_DEVICE_Open

.text._USB_DEVICE_RedirectControlXfrToClient
                0x9d004798       0x4c
 .text._USB_DEVICE_RedirectControlXfrToClient
                0x9d004798       0x4c build/pic32mx460_pim_e16_int_dyn/debug/_ext/692885480/usb_device.o
                0x9d004798                _USB_DEVICE_RedirectControlXfrToClient

.text._USB_DEVICE_CDC_EndpointDisable
                0x9d0047e4       0x4c
 .text._USB_DEVICE_CDC_EndpointDisable
                0x9d0047e4       0x4c build/pic32mx460_pim_e16_int_dyn/debug/_ext/692885480/usb_device_cdc.o
                0x9d0047e4                _USB_DEVICE_CDC_EndpointDisable

.text.SYS_DEVCON_SystemLock
                0x9d004830       0x48
 .text.SYS_DEVCON_SystemLock
                0x9d004830       0x48 build/pic32mx460_pim_e16_int_dyn/debug/_ext/1227067107/sys_devcon.o
                0x9d004830                SYS_DEVCON_SystemLock

.text.USB_DEVICE_Attach
                0x9d004878       0x48
 .text.USB_DEVICE_Attach
                0x9d004878       0x48 build/pic32mx460_pim_e16_int_dyn/debug/_ext/692885480/usb_device.o
                0x9d004878                USB_DEVICE_Attach

.text.USB_DEVICE_EndpointDisable
                0x9d0048c0       0x48
 .text.USB_DEVICE_EndpointDisable
                0x9d0048c0       0x48 build/pic32mx460_pim_e16_int_dyn/debug/_ext/692885480/usb_device.o
                0x9d0048c0                USB_DEVICE_EndpointDisable

.text.USB_DEVICE_ControlReceive
                0x9d004908       0x48
 .text.USB_DEVICE_ControlReceive
                0x9d004908       0x48 build/pic32mx460_pim_e16_int_dyn/debug/_ext/692885480/usb_device.o
                0x9d004908                USB_DEVICE_ControlReceive

.text.USB_DEVICE_IRPCancelAll
                0x9d004950       0x48
 .text.USB_DEVICE_IRPCancelAll
                0x9d004950       0x48 build/pic32mx460_pim_e16_int_dyn/debug/_ext/692885480/usb_device.o
                0x9d004950                USB_DEVICE_IRPCancelAll

.text._bootstrap_exception_handler
                0x9d004998       0x48
 .text._bootstrap_exception_handler
                0x9d004998       0x48 c:/program files/microchip/xc32/v2.50/bin/bin/../../lib/gcc/pic32mx/4.8.3/../../../../pic32mx/lib\libpic32.a(default-bootstrap-exception-handler.o)
                0x9d004998                _bootstrap_exception_handler

.vector_default
                0x9d0049e0       0x48
 .vector_default
                0x9d0049e0       0x48 c:/program files/microchip/xc32/v2.50/bin/bin/../../lib/gcc/pic32mx/4.8.3/../../../../pic32mx/lib\libpic32.a(defaultinterrupt.o)
                0x9d0049e0                _DefaultInterrupt

.text.SYS_CLK_Initialize
                0x9d004a28       0x44
 .text.SYS_CLK_Initialize
                0x9d004a28       0x44 build/pic32mx460_pim_e16_int_dyn/debug/_ext/757127772/sys_clk_pic32mx.o
                0x9d004a28                SYS_CLK_Initialize

.text._general_exception_handler
                0x9d004a6c       0x44
 .text._general_exception_handler
                0x9d004a6c       0x44 build/pic32mx460_pim_e16_int_dyn/debug/_ext/1196730619/system_exceptions.o
                0x9d004a6c                _general_exception_handler

.text.DRV_USBFS_Open
                0x9d004ab0       0x44
 .text.DRV_USBFS_Open